Archive member included to satisfy reference by file (symbol)

C:/ST/STM32CubeIDE_2.1.1/STM32CubeIDE/plugins/com.st.stm32cube.ide.mcu.externaltools.gnu-tools-for-stm32.14.3.rel1.win32_1.0.100.202602081740/tools/bin/../lib/gcc/arm-none-eabi/14.3.1/../../../../arm-none-eabi/lib/thumb/v8-m.main+dp/hard\libc.a(libc_a-exit.o)
                              C:/ST/STM32CubeIDE_2.1.1/STM32CubeIDE/plugins/com.st.stm32cube.ide.mcu.externaltools.gnu-tools-for-stm32.14.3.rel1.win32_1.0.100.202602081740/tools/bin/../lib/gcc/arm-none-eabi/14.3.1/../../../../arm-none-eabi/lib/thumb/v8-m.main+dp/hard/crt0.o (exit)
C:/ST/STM32CubeIDE_2.1.1/STM32CubeIDE/plugins/com.st.stm32cube.ide.mcu.externaltools.gnu-tools-for-stm32.14.3.rel1.win32_1.0.100.202602081740/tools/bin/../lib/gcc/arm-none-eabi/14.3.1/../../../../arm-none-eabi/lib/thumb/v8-m.main+dp/hard\libc.a(libc_a-findfp.o)
                              C:/ST/STM32CubeIDE_2.1.1/STM32CubeIDE/plugins/com.st.stm32cube.ide.mcu.externaltools.gnu-tools-for-stm32.14.3.rel1.win32_1.0.100.202602081740/tools/bin/../lib/gcc/arm-none-eabi/14.3.1/../../../../arm-none-eabi/lib/thumb/v8-m.main+dp/hard\libc.a(libc_a-exit.o) (__stdio_exit_handler)
C:/ST/STM32CubeIDE_2.1.1/STM32CubeIDE/plugins/com.st.stm32cube.ide.mcu.externaltools.gnu-tools-for-stm32.14.3.rel1.win32_1.0.100.202602081740/tools/bin/../lib/gcc/arm-none-eabi/14.3.1/../../../../arm-none-eabi/lib/thumb/v8-m.main+dp/hard\libc.a(libc_a-fwalk.o)
                              C:/ST/STM32CubeIDE_2.1.1/STM32CubeIDE/plugins/com.st.stm32cube.ide.mcu.externaltools.gnu-tools-for-stm32.14.3.rel1.win32_1.0.100.202602081740/tools/bin/../lib/gcc/arm-none-eabi/14.3.1/../../../../arm-none-eabi/lib/thumb/v8-m.main+dp/hard\libc.a(libc_a-findfp.o) (_fwalk_sglue)
C:/ST/STM32CubeIDE_2.1.1/STM32CubeIDE/plugins/com.st.stm32cube.ide.mcu.externaltools.gnu-tools-for-stm32.14.3.rel1.win32_1.0.100.202602081740/tools/bin/../lib/gcc/arm-none-eabi/14.3.1/../../../../arm-none-eabi/lib/thumb/v8-m.main+dp/hard\libc.a(libc_a-stdio.o)
                              C:/ST/STM32CubeIDE_2.1.1/STM32CubeIDE/plugins/com.st.stm32cube.ide.mcu.externaltools.gnu-tools-for-stm32.14.3.rel1.win32_1.0.100.202602081740/tools/bin/../lib/gcc/arm-none-eabi/14.3.1/../../../../arm-none-eabi/lib/thumb/v8-m.main+dp/hard\libc.a(libc_a-findfp.o) (__sread)
C:/ST/STM32CubeIDE_2.1.1/STM32CubeIDE/plugins/com.st.stm32cube.ide.mcu.externaltools.gnu-tools-for-stm32.14.3.rel1.win32_1.0.100.202602081740/tools/bin/../lib/gcc/arm-none-eabi/14.3.1/../../../../arm-none-eabi/lib/thumb/v8-m.main+dp/hard\libc.a(libc_a-memset.o)
                              C:/ST/STM32CubeIDE_2.1.1/STM32CubeIDE/plugins/com.st.stm32cube.ide.mcu.externaltools.gnu-tools-for-stm32.14.3.rel1.win32_1.0.100.202602081740/tools/bin/../lib/gcc/arm-none-eabi/14.3.1/../../../../arm-none-eabi/lib/thumb/v8-m.main+dp/hard/crt0.o (memset)
C:/ST/STM32CubeIDE_2.1.1/STM32CubeIDE/plugins/com.st.stm32cube.ide.mcu.externaltools.gnu-tools-for-stm32.14.3.rel1.win32_1.0.100.202602081740/tools/bin/../lib/gcc/arm-none-eabi/14.3.1/../../../../arm-none-eabi/lib/thumb/v8-m.main+dp/hard\libc.a(libc_a-closer.o)
                              C:/ST/STM32CubeIDE_2.1.1/STM32CubeIDE/plugins/com.st.stm32cube.ide.mcu.externaltools.gnu-tools-for-stm32.14.3.rel1.win32_1.0.100.202602081740/tools/bin/../lib/gcc/arm-none-eabi/14.3.1/../../../../arm-none-eabi/lib/thumb/v8-m.main+dp/hard\libc.a(libc_a-stdio.o) (_close_r)
C:/ST/STM32CubeIDE_2.1.1/STM32CubeIDE/plugins/com.st.stm32cube.ide.mcu.externaltools.gnu-tools-for-stm32.14.3.rel1.win32_1.0.100.202602081740/tools/bin/../lib/gcc/arm-none-eabi/14.3.1/../../../../arm-none-eabi/lib/thumb/v8-m.main+dp/hard\libc.a(libc_a-reent.o)
                              C:/ST/STM32CubeIDE_2.1.1/STM32CubeIDE/plugins/com.st.stm32cube.ide.mcu.externaltools.gnu-tools-for-stm32.14.3.rel1.win32_1.0.100.202602081740/tools/bin/../lib/gcc/arm-none-eabi/14.3.1/../../../../arm-none-eabi/lib/thumb/v8-m.main+dp/hard\libc.a(libc_a-closer.o) (errno)
C:/ST/STM32CubeIDE_2.1.1/STM32CubeIDE/plugins/com.st.stm32cube.ide.mcu.externaltools.gnu-tools-for-stm32.14.3.rel1.win32_1.0.100.202602081740/tools/bin/../lib/gcc/arm-none-eabi/14.3.1/../../../../arm-none-eabi/lib/thumb/v8-m.main+dp/hard\libc.a(libc_a-impure.o)
                              C:/ST/STM32CubeIDE_2.1.1/STM32CubeIDE/plugins/com.st.stm32cube.ide.mcu.externaltools.gnu-tools-for-stm32.14.3.rel1.win32_1.0.100.202602081740/tools/bin/../lib/gcc/arm-none-eabi/14.3.1/../../../../arm-none-eabi/lib/thumb/v8-m.main+dp/hard\libc.a(libc_a-reent.o) (_impure_ptr)
C:/ST/STM32CubeIDE_2.1.1/STM32CubeIDE/plugins/com.st.stm32cube.ide.mcu.externaltools.gnu-tools-for-stm32.14.3.rel1.win32_1.0.100.202602081740/tools/bin/../lib/gcc/arm-none-eabi/14.3.1/../../../../arm-none-eabi/lib/thumb/v8-m.main+dp/hard\libc.a(libc_a-lseekr.o)
[...]
Memory Configuration

Name             Origin             Length             Attributes
RAM_D1           0x34180404         0x0001fffc         xrw
*default*        0x00000000         0xffffffff

Linker script and memory map

LOAD C:/ST/STM32CubeIDE_2.1.1/STM32CubeIDE/plugins/com.st.stm32cube.ide.mcu.externaltools.gnu-tools-for-stm32.14.3.rel1.win32_1.0.100.202602081740/tools/bin/../lib/gcc/arm-none-eabi/14.3.1/thumb/v8-m.main+dp/hard/crti.o
LOAD C:/ST/STM32CubeIDE_2.1.1/STM32CubeIDE/plugins/com.st.stm32cube.ide.mcu.externaltools.gnu-tools-for-stm32.14.3.rel1.win32_1.0.100.202602081740/tools/bin/../lib/gcc/arm-none-eabi/14.3.1/thumb/v8-m.main+dp/hard/crtbegin.o
LOAD C:/ST/STM32CubeIDE_2.1.1/STM32CubeIDE/plugins/com.st.stm32cube.ide.mcu.externaltools.gnu-tools-for-stm32.14.3.rel1.win32_1.0.100.202602081740/tools/bin/../lib/gcc/arm-none-eabi/14.3.1/../../../../arm-none-eabi/lib/thumb/v8-m.main+dp/hard/crt0.o
LOAD ./Application/User/Src/syscalls.o
LOAD ./Application/User/Src/sysmem.o
LOAD ./Application/User/extmem_manager.o
LOAD ./Application/User/extmemloader_init.o
LOAD ./Application/User/stm32n6xx_hal_msp.o
LOAD ./Drivers/CMSIS/system_stm32n6xx_fsbl.o
LOAD ./Drivers/STM32N6xx_HAL_Driver/stm32n6xx_hal.o
LOAD ./Drivers/STM32N6xx_HAL_Driver/stm32n6xx_hal_bsec.o
LOAD ./Drivers/STM32N6xx_HAL_Driver/stm32n6xx_hal_cortex.o
LOAD ./Drivers/STM32N6xx_HAL_Driver/stm32n6xx_hal_dma.o
LOAD ./Drivers/STM32N6xx_HAL_Driver/stm32n6xx_hal_dma_ex.o
LOAD ./Drivers/STM32N6xx_HAL_Driver/stm32n6xx_hal_exti.o
LOAD ./Drivers/STM32N6xx_HAL_Driver/stm32n6xx_hal_gpio.o
LOAD ./Drivers/STM32N6xx_HAL_Driver/stm32n6xx_hal_pwr.o
LOAD ./Drivers/STM32N6xx_HAL_Driver/stm32n6xx_hal_pwr_ex.o
LOAD ./Drivers/STM32N6xx_HAL_Driver/stm32n6xx_hal_rcc.o
LOAD ./Drivers/STM32N6xx_HAL_Driver/stm32n6xx_hal_rcc_ex.o
LOAD ./Drivers/STM32N6xx_HAL_Driver/stm32n6xx_hal_xspi.o
LOAD ./Middlewares/STM32_ExtMem_Loader/FlashDev.o
LOAD ./Middlewares/STM32_ExtMem_Loader/FlashPrg.o
LOAD ./Middlewares/STM32_ExtMem_Loader/memory_wrapper.o
LOAD ./Middlewares/STM32_ExtMem_Loader/stm32_device_info.o
LOAD ./Middlewares/STM32_ExtMem_Loader/stm32_loader_api.o
LOAD ./Middlewares/STM32_ExtMem_Loader/systick_management.o
LOAD ./Middlewares/STM32_ExtMem_Manager/stm32_boot_xip.o
LOAD ./Middlewares/STM32_ExtMem_Manager/stm32_extmem.o
LOAD ./Middlewares/STM32_ExtMem_Manager/stm32_psram_driver.o
LOAD ./Middlewares/STM32_ExtMem_Manager/stm32_sal_xspi.o
LOAD ./Middlewares/STM32_ExtMem_Manager/stm32_sfdp_data.o
LOAD ./Middlewares/STM32_ExtMem_Manager/stm32_sfdp_driver.o
START GROUP
LOAD C:/ST/STM32CubeIDE_2.1.1/STM32CubeIDE/plugins/com.st.stm32cube.ide.mcu.externaltools.gnu-tools-for-stm32.14.3.rel1.win32_1.0.100.202602081740/tools/bin/../lib/gcc/arm-none-eabi/14.3.1/../../../../arm-none-eabi/lib/thumb/v8-m.main+dp/hard\libc.a
LOAD C:/ST/STM32CubeIDE_2.1.1/STM32CubeIDE/plugins/com.st.stm32cube.ide.mcu.externaltools.gnu-tools-for-stm32.14.3.rel1.win32_1.0.100.202602081740/tools/bin/../lib/gcc/arm-none-eabi/14.3.1/../../../../arm-none-eabi/lib/thumb/v8-m.main+dp/hard\libm.a
END GROUP
START GROUP
LOAD C:/ST/STM32CubeIDE_2.1.1/STM32CubeIDE/plugins/com.st.stm32cube.ide.mcu.externaltools.gnu-tools-for-stm32.14.3.rel1.win32_1.0.100.202602081740/tools/bin/../lib/gcc/arm-none-eabi/14.3.1/thumb/v8-m.main+dp/hard\libgcc.a
LOAD C:/ST/STM32CubeIDE_2.1.1/STM32CubeIDE/plugins/com.st.stm32cube.ide.mcu.externaltools.gnu-tools-for-stm32.14.3.rel1.win32_1.0.100.202602081740/tools/bin/../lib/gcc/arm-none-eabi/14.3.1/../../../../arm-none-eabi/lib/thumb/v8-m.main+dp/hard\libc.a
END GROUP
START GROUP
LOAD C:/ST/STM32CubeIDE_2.1.1/STM32CubeIDE/plugins/com.st.stm32cube.ide.mcu.externaltools.gnu-tools-for-stm32.14.3.rel1.win32_1.0.100.202602081740/tools/bin/../lib/gcc/arm-none-eabi/14.3.1/thumb/v8-m.main+dp/hard\libgcc.a
LOAD C:/ST/STM32CubeIDE_2.1.1/STM32CubeIDE/plugins/com.st.stm32cube.ide.mcu.externaltools.gnu-tools-for-stm32.14.3.rel1.win32_1.0.100.202602081740/tools/bin/../lib/gcc/arm-none-eabi/14.3.1/../../../../arm-none-eabi/lib/thumb/v8-m.main+dp/hard\libc.a
LOAD C:/ST/STM32CubeIDE_2.1.1/STM32CubeIDE/plugins/com.st.stm32cube.ide.mcu.externaltools.gnu-tools-for-stm32.14.3.rel1.win32_1.0.100.202602081740/tools/bin/../lib/gcc/arm-none-eabi/14.3.1/../../../../arm-none-eabi/lib/thumb/v8-m.main+dp/hard\libnosys.a
END GROUP
LOAD C:/ST/STM32CubeIDE_2.1.1/STM32CubeIDE/plugins/com.st.stm32cube.ide.mcu.externaltools.gnu-tools-for-stm32.14.3.rel1.win32_1.0.100.202602081740/tools/bin/../lib/gcc/arm-none-eabi/14.3.1/thumb/v8-m.main+dp/hard/crtend.o
LOAD C:/ST/STM32CubeIDE_2.1.1/STM32CubeIDE/plugins/com.st.stm32cube.ide.mcu.externaltools.gnu-tools-for-stm32.14.3.rel1.win32_1.0.100.202602081740/tools/bin/../lib/gcc/arm-none-eabi/14.3.1/thumb/v8-m.main+dp/hard/crtn.o
                0x341a0400                        _estack = (ORIGIN (RAM_D1) + LENGTH (RAM_D1))
                0x00000008                        _Min_Heap_Size = 0x8
                0x00000400                        _Min_Stack_Size = 0x400

.isr_vector     0x34180404      0x1fc
                0x34180600                        . = (. + 0x1fc)
 *fill*         0x34180404      0x1fc 
                0x34180600                        . = ALIGN (0x4)
 *(.isr_vector)
 .isr_vector    0x34180600        0x0 ./Middlewares/STM32_ExtMem_Loader/stm32_loader_api.o
                0x34180600                g_pfnVectors
                0x34180600                        . = ALIGN (0x4)

.ARM.extab
 *(.ARM.extab* .gnu.linkonce.armextab.*)

.ARM            0x34180600        0x8
                0x34180600                        __exidx_start = .
 *(.ARM.exidx*)
 .ARM.exidx     0x34180600        0x8 C:/ST/STM32CubeIDE_2.1.1/STM32CubeIDE/plugins/com.st.stm32cube.ide.mcu.externaltools.gnu-tools-for-stm32.14.3.rel1.win32_1.0.100.202602081740/tools/bin/../lib/gcc/arm-none-eabi/14.3.1/../../../../arm-none-eabi/lib/thumb/v8-m.main+dp/hard\libc.a(libc_a-memcpy.o)
                0x34180608                        __exidx_end = .

.preinit_array  0x34180608        0x0
                0x34180608                        PROVIDE (__preinit_array_start = .)
 *(.preinit_array*)
                0x34180608                        PROVIDE (__preinit_array_end = .)

.init_array     0x34180608        0x8
                0x34180608                        PROVIDE (__init_array_start = .)
 *(SORT_BY_NAME(.init_array.*))
 .init_array.00000
                0x34180608        0x4 C:/ST/STM32CubeIDE_2.1.1/STM32CubeIDE/plugins/com.st.stm32cube.ide.mcu.externaltools.gnu-tools-for-stm32.14.3.rel1.win32_1.0.100.202602081740/tools/bin/../lib/gcc/arm-none-eabi/14.3.1/../../../../arm-none-eabi/lib/thumb/v8-m.main+dp/hard\libc.a(libc_a-__call_atexit.o)
 *(.init_array*)
 .init_array    0x3418060c        0x4 C:/ST/STM32CubeIDE_2.1.1/STM32CubeIDE/plugins/com.st.stm32cube.ide.mcu.externaltools.gnu-tools-for-stm32.14.3.rel1.win32_1.0.100.202602081740/tools/bin/../lib/gcc/arm-none-eabi/14.3.1/thumb/v8-m.main+dp/hard/crtbegin.o
                0x34180610                        PROVIDE (__init_array_end = .)

.fini_array     0x34180610        0x4
                0x34180610                        PROVIDE (__fini_array_start = .)
 *(SORT_BY_NAME(.fini_array.*))
 *(.fini_array*)
 .fini_array    0x34180610        0x4 C:/ST/STM32CubeIDE_2.1.1/STM32CubeIDE/plugins/com.st.stm32cube.ide.mcu.externaltools.gnu-tools-for-stm32.14.3.rel1.win32_1.0.100.202602081740/tools/bin/../lib/gcc/arm-none-eabi/14.3.1/thumb/v8-m.main+dp/hard/crtbegin.o
                0x34180614                        PROVIDE (__fini_array_end = .)
                0x34180614                        _sidata = LOADADDR (.data)

.data           0x34180614       0xbc
                0x34180614                        . = ALIGN (0x4)
                0x34180614                        _sdata = .
 *(.data)
 *(.data*)
 .data.SystemCoreClock
                0x34180614        0x4 ./Drivers/CMSIS/system_stm32n6xx_fsbl.o
                0x34180614                SystemCoreClock
 .data.uwTickFreq
                0x34180618        0x1 ./Drivers/STM32N6xx_HAL_Driver/stm32n6xx_hal.o
                0x34180618                uwTickFreq
 *fill*         0x34180619        0x3 
 .data.uwTickPrio
                0x3418061c        0x4 ./Drivers/STM32N6xx_HAL_Driver/stm32n6xx_hal.o
                0x3418061c                uwTickPrio
 .data.extmem_list_config
                0x34180620       0xac ./Middlewares/STM32_ExtMem_Manager/stm32_extmem.o
                0x34180620                extmem_list_config
 .data.__atexit_recursive_mutex
                0x341806cc        0x4 C:/ST/STM32CubeIDE_2.1.1/STM32CubeIDE/plugins/com.st.stm32cube.ide.mcu.externaltools.gnu-tools-for-stm32.14.3.rel1.win32_1.0.100.202602081740/tools/bin/../lib/gcc/arm-none-eabi/14.3.1/../../../../arm-none-eabi/lib/thumb/v8-m.main+dp/hard\libc.a(libc_a-__call_atexit.o)
                0x341806cc                __atexit_recursive_mutex
                0x341806d0                        . = ALIGN (0x4)
                0x341806d0                        _edata = .

.igot.plt       0x341806d0        0x0
 .igot.plt      0x341806d0        0x0 C:/ST/STM32CubeIDE_2.1.1/STM32CubeIDE/plugins/com.st.stm32cube.ide.mcu.externaltools.gnu-tools-for-stm32.14.3.rel1.win32_1.0.100.202602081740/tools/bin/../lib/gcc/arm-none-eabi/14.3.1/thumb/v8-m.main+dp/hard/crtbegin.o

.gnu.sgstubs    0x341806e0       0x20
                0x341806e0                        . = ALIGN (0x4)
                0x341806e0                        _sNSCVeneer = .
 *(.gnu.sgstubs*)
                0x341806e0                        _eNSCVeneer = .
                0x341806e0                        . = ALIGN (0x4)
 .gnu.sgstubs.__stub
                0x341806e0        0x8 linker stubs
                0x341806e0                SECURE_SystemCoreClockUpdate
                0x341806e8                        . = ALIGN (0x4)

.bss            0x34180700      0x3b8
                0x34180700                        _sbss = .
                0x34180700                        __bss_start__ = _sbss
 *(.bss)
 .bss           0x34180700       0x1c C:/ST/STM32CubeIDE_2.1.1/STM32CubeIDE/plugins/com.st.stm32cube.ide.mcu.externaltools.gnu-tools-for-stm32.14.3.rel1.win32_1.0.100.202602081740/tools/bin/../lib/gcc/arm-none-eabi/14.3.1/thumb/v8-m.main+dp/hard/crtbegin.o
 *(.bss*)
 .bss.hxspi2    0x3418071c       0x64 ./Application/User/extmemloader_init.o
                0x3418071c                hxspi2
 .bss.uwTick    0x34180780        0x4 ./Drivers/STM32N6xx_HAL_Driver/stm32n6xx_hal.o
                0x34180780                uwTick
 .bss.MemoryMappedMode
                0x34180784        0x1 ./Middlewares/STM32_ExtMem_Loader/stm32_loader_api.o
                0x34180784                MemoryMappedMode
 *fill*         0x34180785        0x3 
 .bss.Size      0x34180788        0x4 ./Middlewares/STM32_ExtMem_Loader/stm32_loader_api.o
                0x34180788                Size
 .bss.Address   0x3418078c        0x4 ./Middlewares/STM32_ExtMem_Loader/stm32_loader_api.o
                0x3418078c                Address
 .bss.Buff_address
                0x34180790        0x4 ./Middlewares/STM32_ExtMem_Loader/stm32_loader_api.o
                0x34180790                Buff_address
 .bss.exec      0x34180794        0x1 ./Middlewares/STM32_ExtMem_Loader/stm32_loader_api.o
                0x34180794                exec
 *fill*         0x34180795        0x3 
 .bss.JEDEC_OctalDdr
                0x34180798       0x20 ./Middlewares/STM32_ExtMem_Manager/stm32_sfdp_data.o
 .bss.JEDEC_SCCR_Map
                0x341807b8       0x70 ./Middlewares/STM32_ExtMem_Manager/stm32_sfdp_data.o
 .bss.JEDEC_XSPI10
                0x34180828       0x18 ./Middlewares/STM32_ExtMem_Manager/stm32_sfdp_data.o
 .bss.JEDEC_Address4Bytes
                0x34180840        0x8 ./Middlewares/STM32_ExtMem_Manager/stm32_sfdp_data.o
 .bss.JEDEC_Basic
                0x34180848       0x60 ./Middlewares/STM32_ExtMem_Manager/stm32_sfdp_data.o
 .bss.sfdp_param_info
                0x341808a8       0x78 ./Middlewares/STM32_ExtMem_Manager/stm32_sfdp_data.o
 .bss.__lock___atexit_recursive_mutex
                0x34180920        0x1 C:/ST/STM32CubeIDE_2.1.1/STM32CubeIDE/plugins/com.st.stm32cube.ide.mcu.externaltools.gnu-tools-for-stm32.14.3.rel1.win32_1.0.100.202602081740/tools/bin/../lib/gcc/arm-none-eabi/14.3.1/../../../../arm-none-eabi/lib/thumb/v8-m.main+dp/hard\libc.a(libc_a-lock.o)
                0x34180920                __lock___atexit_recursive_mutex
 *fill*         0x34180921        0x3 
 .bss.__atexit  0x34180924        0x4 C:/ST/STM32CubeIDE_2.1.1/STM32CubeIDE/plugins/com.st.stm32cube.ide.mcu.externaltools.gnu-tools-for-stm32.14.3.rel1.win32_1.0.100.202602081740/tools/bin/../lib/gcc/arm-none-eabi/14.3.1/../../../../arm-none-eabi/lib/thumb/v8-m.main+dp/hard\libc.a(libc_a-__call_atexit.o)
                0x34180924                __atexit
 .bss.__atexit0
                0x34180928      0x190 C:/ST/STM32CubeIDE_2.1.1/STM32CubeIDE/plugins/com.st.stm32cube.ide.mcu.externaltools.gnu-tools-for-stm32.14.3.rel1.win32_1.0.100.202602081740/tools/bin/../lib/gcc/arm-none-eabi/14.3.1/../../../../arm-none-eabi/lib/thumb/v8-m.main+dp/hard\libc.a(libc_a-__atexit.o)
                0x34180928                __atexit0
 *(COMMON)
                0x34180ab8                        . = ALIGN (0x4)
                0x34180ab8                        _ebss = .
                0x34180ab8                        __bss_end__ = _ebss

.text           0x34180ab8     0x95c0
                0x34180ab8                        . = ALIGN (0x4)
 *(.text)
 .text          0x34180ab8       0x40 C:/ST/STM32CubeIDE_2.1.1/STM32CubeIDE/plugins/com.st.stm32cube.ide.mcu.externaltools.gnu-tools-for-stm32.14.3.rel1.win32_1.0.100.202602081740/tools/bin/../lib/gcc/arm-none-eabi/14.3.1/thumb/v8-m.main+dp/hard/crtbegin.o
 .text          0x34180af8       0xec C:/ST/STM32CubeIDE_2.1.1/STM32CubeIDE/plugins/com.st.stm32cube.ide.mcu.externaltools.gnu-tools-for-stm32.14.3.rel1.win32_1.0.100.202602081740/tools/bin/../lib/gcc/arm-none-eabi/14.3.1/../../../../arm-none-eabi/lib/thumb/v8-m.main+dp/hard\libc.a(libc_a-memcpy.o)
                0x34180af8                memcpy
 *(.text*)
 .text.MX_EXTMEM_MANAGER_Init
                0x34180be4       0x34 ./Application/User/extmem_manager.o
                0x34180be4                MX_EXTMEM_MANAGER_Init
 .text.Recovery_UartInit
                0x34180c18       0x88 ./Application/User/extmemloader_init.o
                0x34180c18                Recovery_UartInit
 .text.Recovery_UartStr
                0x34180ca0       0x20 ./Application/User/extmemloader_init.o
                0x34180ca0                Recovery_UartStr
 .text.Recovery_UartHex
                0x34180cc0       0x44 ./Application/User/extmemloader_init.o
                0x34180cc0                Recovery_UartHex
 .text.Error_Handler
                0x34180d04        0x2 ./Application/User/extmemloader_init.o
                0x34180d04                Error_Handler
 .text.SystemClock_Config
                0x34180d06       0xd0 ./Application/User/extmemloader_init.o
 *fill*         0x34180dd6        0x2 
 .text.MX_XSPI2_Init
                0x34180dd8       0x4c ./Application/User/extmemloader_init.o
 .text.extmemloader_Init
                0x34180e24       0xb0 ./Application/User/extmemloader_init.o
                0x34180e24                extmemloader_Init
 .text.HAL_MspInit
                0x34180ed4        0x2 ./Application/User/stm32n6xx_hal_msp.o
                0x34180ed4                HAL_MspInit
 *fill*         0x34180ed6        0x2 
 .text.HAL_XSPI_MspInit
                0x34180ed8      0x11c ./Application/User/stm32n6xx_hal_msp.o
                0x34180ed8                HAL_XSPI_MspInit
 .text.SystemInit
                0x34180ff4      0x154 ./Drivers/CMSIS/system_stm32n6xx_fsbl.o
                0x34180ff4                SystemInit
 .text.SystemCoreClockUpdate
                0x34181148      0x234 ./Drivers/CMSIS/system_stm32n6xx_fsbl.o
                0x34181148                SystemCoreClockUpdate
 .text.SECURE_SystemCoreClockUpdate
                0x3418137c       0x24 ./Drivers/CMSIS/system_stm32n6xx_fsbl.o
                0x3418137c                __acle_se_SECURE_SystemCoreClockUpdate
 .text.HAL_Init
                0x341813a0       0x22 ./Drivers/STM32N6xx_HAL_Driver/stm32n6xx_hal.o
                0x341813a0                HAL_Init
 *fill*         0x341813c2        0x2 
 .text.HAL_Delay
                0x341813c4       0x28 ./Drivers/STM32N6xx_HAL_Driver/stm32n6xx_hal.o
                0x341813c4                HAL_Delay
 .text.HAL_BSEC_OTP_Reload
                0x341813ec       0xa0 ./Drivers/STM32N6xx_HAL_Driver/stm32n6xx_hal_bsec.o
                0x341813ec                HAL_BSEC_OTP_Reload
 .text.HAL_BSEC_OTP_Read
                0x3418148c       0x44 ./Drivers/STM32N6xx_HAL_Driver/stm32n6xx_hal_bsec.o
                0x3418148c                HAL_BSEC_OTP_Read
 .text.HAL_NVIC_SetPriorityGrouping
                0x341814d0       0x24 ./Drivers/STM32N6xx_HAL_Driver/stm32n6xx_hal_cortex.o
                0x341814d0                HAL_NVIC_SetPriorityGrouping
 .text.HAL_MPU_Disable
                0x341814f4       0x28 ./Drivers/STM32N6xx_HAL_Driver/stm32n6xx_hal_cortex.o
                0x341814f4                HAL_MPU_Disable
 .text.HAL_DMA_Abort
                0x3418151c       0xaa ./Drivers/STM32N6xx_HAL_Driver/stm32n6xx_hal_dma.o
                0x3418151c                HAL_DMA_Abort
 *fill*         0x341815c6        0x2 
 .text.HAL_GPIO_Init
                0x341815c8      0x214 ./Drivers/STM32N6xx_HAL_Driver/stm32n6xx_hal_gpio.o
                0x341815c8                HAL_GPIO_Init
 .text.HAL_PWREx_ConfigSupply
                0x341817dc       0x38 ./Drivers/STM32N6xx_HAL_Driver/stm32n6xx_hal_pwr_ex.o
                0x341817dc                HAL_PWREx_ConfigSupply
 .text.HAL_PWREx_ConfigVddIORange
                0x34181814       0x64 ./Drivers/STM32N6xx_HAL_Driver/stm32n6xx_hal_pwr_ex.o
                0x34181814                HAL_PWREx_ConfigVddIORange
 .text.HAL_PWREx_EnableVddIO3
                0x34181878       0x10 ./Drivers/STM32N6xx_HAL_Driver/stm32n6xx_hal_pwr_ex.o
                0x34181878                HAL_PWREx_EnableVddIO3
 .text.RCC_PLL_IsNewConfig
                0x34181888       0x9c ./Drivers/STM32N6xx_HAL_Driver/stm32n6xx_hal_rcc.o
 .text.RCC_PLL_Source_IsReady
                0x34181924       0x44 ./Drivers/STM32N6xx_HAL_Driver/stm32n6xx_hal_rcc.o
 .text.RCC_IC_CheckPLLSources
                0x34181968      0x120 ./Drivers/STM32N6xx_HAL_Driver/stm32n6xx_hal_rcc.o
 .text.RCC_PLL_Config
                0x34181a88      0x1ac ./Drivers/STM32N6xx_HAL_Driver/stm32n6xx_hal_rcc.o
 .text.RCC_PLL_Enable
                0x34181c34       0x34 ./Drivers/STM32N6xx_HAL_Driver/stm32n6xx_hal_rcc.o
 .text.RCC_GetSysClockFreq
                0x34181c68       0xa8 ./Drivers/STM32N6xx_HAL_Driver/stm32n6xx_hal_rcc.o
 .text.HAL_RCC_OscConfig
                0x34181d10      0x714 ./Drivers/STM32N6xx_HAL_Driver/stm32n6xx_hal_rcc.o
                0x34181d10                HAL_RCC_OscConfig
 .text.HAL_RCC_GetCpuClockFreq
                0x34182424       0xbc ./Drivers/STM32N6xx_HAL_Driver/stm32n6xx_hal_rcc.o
                0x34182424                HAL_RCC_GetCpuClockFreq
 .text.HAL_RCC_ClockConfig
                0x341824e0      0x330 ./Drivers/STM32N6xx_HAL_Driver/stm32n6xx_hal_rcc.o
                0x341824e0                HAL_RCC_ClockConfig
 .text.HAL_RCC_GetSysClockFreq
                0x34182810       0x20 ./Drivers/STM32N6xx_HAL_Driver/stm32n6xx_hal_rcc.o
                0x34182810                HAL_RCC_GetSysClockFreq
 .text.HAL_RCC_GetPCLK2Freq
                0x34182830       0x20 ./Drivers/STM32N6xx_HAL_Driver/stm32n6xx_hal_rcc.o
                0x34182830                HAL_RCC_GetPCLK2Freq
 .text.HAL_RCC_GetClockConfig
                0x34182850       0x84 ./Drivers/STM32N6xx_HAL_Driver/stm32n6xx_hal_rcc.o
                0x34182850                HAL_RCC_GetClockConfig
 .text.LL_RCC_SetClockSource
                0x341828d4       0x30 ./Drivers/STM32N6xx_HAL_Driver/stm32n6xx_hal_rcc_ex.o
 .text.LL_RCC_GetClockSource
                0x34182904       0x1c ./Drivers/STM32N6xx_HAL_Driver/stm32n6xx_hal_rcc_ex.o
 .text.RCCEx_GetHCLKFreq
                0x34182920       0x10 ./Drivers/STM32N6xx_HAL_Driver/stm32n6xx_hal_rcc_ex.o
 .text.RCCEx_GetPCLK1Freq
                0x34182930       0x10 ./Drivers/STM32N6xx_HAL_Driver/stm32n6xx_hal_rcc_ex.o
 .text.RCCEx_GetPCLK2Freq
                0x34182940       0x10 ./Drivers/STM32N6xx_HAL_Driver/stm32n6xx_hal_rcc_ex.o
 .text.RCCEx_GetPCLK4Freq
                0x34182950       0x10 ./Drivers/STM32N6xx_HAL_Driver/stm32n6xx_hal_rcc_ex.o
 .text.RCCEx_GetPCLK5Freq
                0x34182960       0x10 ./Drivers/STM32N6xx_HAL_Driver/stm32n6xx_hal_rcc_ex.o
 .text.RCCEx_GetPLLSourceFreq
                0x34182970       0x7c ./Drivers/STM32N6xx_HAL_Driver/stm32n6xx_hal_rcc_ex.o
 .text.RCCEx_CalcPLLFreq
                0x341829ec       0x5c ./Drivers/STM32N6xx_HAL_Driver/stm32n6xx_hal_rcc_ex.o
 .text.RCCEx_GetRTCCLKFreq
                0x34182a48       0x68 ./Drivers/STM32N6xx_HAL_Driver/stm32n6xx_hal_rcc_ex.o
 .text.HAL_RCCEx_PeriphCLKConfig
                0x34182ab0     0x1ac0 ./Drivers/STM32N6xx_HAL_Driver/stm32n6xx_hal_rcc_ex.o
                0x34182ab0                HAL_RCCEx_PeriphCLKConfig
 .text.HAL_RCCEx_GetPLL1CLKFreq
                0x34184570       0x90 ./Drivers/STM32N6xx_HAL_Driver/stm32n6xx_hal_rcc_ex.o
                0x34184570                HAL_RCCEx_GetPLL1CLKFreq
 .text.HAL_RCCEx_GetPLL2CLKFreq
                0x34184600       0x90 ./Drivers/STM32N6xx_HAL_Driver/stm32n6xx_hal_rcc_ex.o
                0x34184600                HAL_RCCEx_GetPLL2CLKFreq
 .text.HAL_RCCEx_GetPLL3CLKFreq
                0x34184690       0x90 ./Drivers/STM32N6xx_HAL_Driver/stm32n6xx_hal_rcc_ex.o
                0x34184690                HAL_RCCEx_GetPLL3CLKFreq
 .text.HAL_RCCEx_GetPLL4CLKFreq
                0x34184720       0x90 ./Drivers/STM32N6xx_HAL_Driver/stm32n6xx_hal_rcc_ex.o
                0x34184720                HAL_RCCEx_GetPLL4CLKFreq
 .text.RCCEx_GetCSICLKFreq
                0x341847b0       0x6c ./Drivers/STM32N6xx_HAL_Driver/stm32n6xx_hal_rcc_ex.o
 .text.RCCEx_GetCLKPCLKFreq
                0x3418481c      0x26c ./Drivers/STM32N6xx_HAL_Driver/stm32n6xx_hal_rcc_ex.o
 .text.RCCEx_GetADCCLKFreq
                0x34184a88      0x174 ./Drivers/STM32N6xx_HAL_Driver/stm32n6xx_hal_rcc_ex.o
 .text.RCCEx_GetADFCLKFreq
                0x34184bfc      0x144 ./Drivers/STM32N6xx_HAL_Driver/stm32n6xx_hal_rcc_ex.o
 .text.RCCEx_GetDCMIPPCLKFreq
                0x34184d40       0xc4 ./Drivers/STM32N6xx_HAL_Driver/stm32n6xx_hal_rcc_ex.o
 .text.RCCEx_GetETH1CLKFreq
                0x34184e04       0xb8 ./Drivers/STM32N6xx_HAL_Driver/stm32n6xx_hal_rcc_ex.o
 .text.RCCEx_GetETH1PTPCLKFreq
                0x34184ebc       0xb8 ./Drivers/STM32N6xx_HAL_Driver/stm32n6xx_hal_rcc_ex.o
 .text.RCCEx_GetFDCANCLKFreq
                0x34184f74       0xac ./Drivers/STM32N6xx_HAL_Driver/stm32n6xx_hal_rcc_ex.o
 .text.RCCEx_GetFMCCLKFreq
                0x34185020      0x104 ./Drivers/STM32N6xx_HAL_Driver/stm32n6xx_hal_rcc_ex.o
 .text.RCCEx_GetI2CCLKFreq
                0x34185124      0x21c ./Drivers/STM32N6xx_HAL_Driver/stm32n6xx_hal_rcc_ex.o
 .text.RCCEx_GetI3CCLKFreq
                0x34185340      0x198 ./Drivers/STM32N6xx_HAL_Driver/stm32n6xx_hal_rcc_ex.o
 .text.RCCEx_GetLPTIMCLKFreq
                0x341854d8      0x20c ./Drivers/STM32N6xx_HAL_Driver/stm32n6xx_hal_rcc_ex.o
 .text.RCCEx_GetLPUARTCLKFreq
                0x341856e4      0x160 ./Drivers/STM32N6xx_HAL_Driver/stm32n6xx_hal_rcc_ex.o
 .text.RCCEx_GetLTDCCLKFreq
                0x34185844       0xc4 ./Drivers/STM32N6xx_HAL_Driver/stm32n6xx_hal_rcc_ex.o
 .text.RCCEx_GetMDFCLKFreq
                0x34185908      0x174 ./Drivers/STM32N6xx_HAL_Driver/stm32n6xx_hal_rcc_ex.o
 .text.RCCEx_GetPSSICLKFreq
                0x34185a7c       0xb8 ./Drivers/STM32N6xx_HAL_Driver/stm32n6xx_hal_rcc_ex.o
 .text.RCCEx_GetSDMMCCLKFreq
                0x34185b34      0x13c ./Drivers/STM32N6xx_HAL_Driver/stm32n6xx_hal_rcc_ex.o
 .text.RCCEx_GetSPDIFRXCLKFreq
                0x34185c70      0x138 ./Drivers/STM32N6xx_HAL_Driver/stm32n6xx_hal_rcc_ex.o
 .text.RCCEx_GetSAICLKFreq
                0x34185da8      0x1d4 ./Drivers/STM32N6xx_HAL_Driver/stm32n6xx_hal_rcc_ex.o
 .text.RCCEx_GetSPICLKFreq
                0x34185f7c      0x3ac ./Drivers/STM32N6xx_HAL_Driver/stm32n6xx_hal_rcc_ex.o
 .text.RCCEx_GetUARTCLKFreq
                0x34186328      0x2e4 ./Drivers/STM32N6xx_HAL_Driver/stm32n6xx_hal_rcc_ex.o
 .text.RCCEx_GetUSARTCLKFreq
                0x3418660c      0x2e0 ./Drivers/STM32N6xx_HAL_Driver/stm32n6xx_hal_rcc_ex.o
 .text.RCCEx_GetOTGPHYCLKFreq
                0x341868ec       0xfc ./Drivers/STM32N6xx_HAL_Driver/stm32n6xx_hal_rcc_ex.o
 .text.RCCEx_GetOTGPHYCKREFCLKFreq
                0x341869e8       0x74 ./Drivers/STM32N6xx_HAL_Driver/stm32n6xx_hal_rcc_ex.o
 .text.RCCEx_GetXSPICLKFreq
                0x34186a5c      0x164 ./Drivers/STM32N6xx_HAL_Driver/stm32n6xx_hal_rcc_ex.o
 .text.HAL_RCCEx_GetPeriphCLKFreq
                0x34186bc0      0x5d0 ./Drivers/STM32N6xx_HAL_Driver/stm32n6xx_hal_rcc_ex.o
                0x34186bc0                HAL_RCCEx_GetPeriphCLKFreq
 .text.XSPI_ConfigCmd
                0x34187190      0x1dc ./Drivers/STM32N6xx_HAL_Driver/stm32n6xx_hal_xspi.o
 .text.XSPI_WaitFlagStateUntilTimeout
                0x3418736c       0x54 ./Drivers/STM32N6xx_HAL_Driver/stm32n6xx_hal_xspi.o
 .text.HAL_XSPI_Command
                0x341873c0       0xc6 ./Drivers/STM32N6xx_HAL_Driver/stm32n6xx_hal_xspi.o
                0x341873c0                HAL_XSPI_Command
 .text.HAL_XSPI_Transmit
                0x34187486       0x9a ./Drivers/STM32N6xx_HAL_Driver/stm32n6xx_hal_xspi.o
                0x34187486                HAL_XSPI_Transmit
 .text.HAL_XSPI_Receive
                0x34187520       0xc6 ./Drivers/STM32N6xx_HAL_Driver/stm32n6xx_hal_xspi.o
                0x34187520                HAL_XSPI_Receive
 .text.HAL_XSPI_AutoPolling
                0x341875e6       0xbe ./Drivers/STM32N6xx_HAL_Driver/stm32n6xx_hal_xspi.o
                0x341875e6                HAL_XSPI_AutoPolling
 .text.HAL_XSPI_MemoryMapped
                0x341876a4       0x92 ./Drivers/STM32N6xx_HAL_Driver/stm32n6xx_hal_xspi.o
                0x341876a4                HAL_XSPI_MemoryMapped
 .text.HAL_XSPI_Abort
                0x34187736       0xa6 ./Drivers/STM32N6xx_HAL_Driver/stm32n6xx_hal_xspi.o
                0x34187736                HAL_XSPI_Abort
 .text.HAL_XSPI_SetClockPrescaler
                0x341877dc       0x22 ./Drivers/STM32N6xx_HAL_Driver/stm32n6xx_hal_xspi.o
                0x341877dc                HAL_XSPI_SetClockPrescaler
 .text.HAL_XSPI_SetTimeout
                0x341877fe        0x6 ./Drivers/STM32N6xx_HAL_Driver/stm32n6xx_hal_xspi.o
                0x341877fe                HAL_XSPI_SetTimeout
 .text.HAL_XSPI_Init
                0x34187804      0x178 ./Drivers/STM32N6xx_HAL_Driver/stm32n6xx_hal_xspi.o
                0x34187804                HAL_XSPI_Init
 .text.memory_write
                0x3418797c       0x14 ./Middlewares/STM32_ExtMem_Loader/memory_wrapper.o
                0x3418797c                memory_write
 .text.memory_masserase
                0x34187990        0xe ./Middlewares/STM32_ExtMem_Loader/memory_wrapper.o
                0x34187990                memory_masserase
 .text.memory_sectorerase
                0x3418799e       0x30 ./Middlewares/STM32_ExtMem_Loader/memory_wrapper.o
                0x3418799e                memory_sectorerase
 .text.memory_mapmode
                0x341879ce       0x14 ./Middlewares/STM32_ExtMem_Loader/memory_wrapper.o
                0x341879ce                memory_mapmode
 *fill*         0x341879e2        0x2 
 .text.Reset_Handler
                0x341879e4       0x18 ./Middlewares/STM32_ExtMem_Loader/stm32_loader_api.o
                0x341879e4                Reset_Handler
 .text.Init     0x341879fc       0x34 ./Middlewares/STM32_ExtMem_Loader/stm32_loader_api.o
                0x341879fc                Init
 .text.Write    0x34187a30       0x3c ./Middlewares/STM32_ExtMem_Loader/stm32_loader_api.o
                0x34187a30                Write
 .text.MassErase
                0x34187a6c       0x30 ./Middlewares/STM32_ExtMem_Loader/stm32_loader_api.o
                0x34187a6c                MassErase
 .text.SectorErase
                0x34187a9c       0x3c ./Middlewares/STM32_ExtMem_Loader/stm32_loader_api.o
                0x34187a9c                SectorErase
 .text.main     0x34187ad8       0x90 ./Middlewares/STM32_ExtMem_Loader/stm32_loader_api.o
                0x34187ad8                main
 .text.HAL_InitTick
                0x34187b68       0x34 ./Middlewares/STM32_ExtMem_Loader/systick_management.o
                0x34187b68                HAL_InitTick
 .text.HAL_GetTick
                0x34187b9c       0x20 ./Middlewares/STM32_ExtMem_Loader/systick_management.o
                0x34187b9c                HAL_GetTick
 .text.EXTMEM_Init
                0x34187bbc       0x48 ./Middlewares/STM32_ExtMem_Manager/stm32_extmem.o
                0x34187bbc                EXTMEM_Init
 .text.EXTMEM_Write
                0x34187c04       0x3c ./Middlewares/STM32_ExtMem_Manager/stm32_extmem.o
                0x34187c04                EXTMEM_Write
 .text.EXTMEM_EraseSector
                0x34187c40      0x108 ./Middlewares/STM32_ExtMem_Manager/stm32_extmem.o
                0x34187c40                EXTMEM_EraseSector
 .text.EXTMEM_EraseAll
                0x34187d48       0x3c ./Middlewares/STM32_ExtMem_Manager/stm32_extmem.o
                0x34187d48                EXTMEM_EraseAll
 .text.EXTMEM_MemoryMappedMode
                0x34187d84       0x5c ./Middlewares/STM32_ExtMem_Manager/stm32_extmem.o
                0x34187d84                EXTMEM_MemoryMappedMode
 .text.SAL_XSPI_SetClock
                0x34187de0       0x3e ./Middlewares/STM32_ExtMem_Manager/stm32_sal_xspi.o
                0x34187de0                SAL_XSPI_SetClock
 .text.SAL_XSPI_Init
                0x34187e1e       0x50 ./Middlewares/STM32_ExtMem_Manager/stm32_sal_xspi.o
                0x34187e1e                SAL_XSPI_Init
 .text.SAL_XSPI_MemoryConfig
                0x34187e6e      0x202 ./Middlewares/STM32_ExtMem_Manager/stm32_sal_xspi.o
                0x34187e6e                SAL_XSPI_MemoryConfig
 .text.SAL_XSPI_DisableMapMode
                0x34188070        0xe ./Middlewares/STM32_ExtMem_Manager/stm32_sal_xspi.o
                0x34188070                SAL_XSPI_DisableMapMode
 .text.SAL_XSPI_UpdateMemoryType
                0x3418807e       0x32 ./Middlewares/STM32_ExtMem_Manager/stm32_sal_xspi.o
                0x3418807e                SAL_XSPI_UpdateMemoryType
 .text.SAL_XSPI_Abort
                0x341880b0        0xa ./Middlewares/STM32_ExtMem_Manager/stm32_sal_xspi.o
                0x341880b0                SAL_XSPI_Abort
 .text.XSPI_FormatCommand
                0x341880ba       0x1e ./Middlewares/STM32_ExtMem_Manager/stm32_sal_xspi.o
                0x341880ba                XSPI_FormatCommand
 .text.SAL_XSPI_GetSFDP
                0x341880d8       0x82 ./Middlewares/STM32_ExtMem_Manager/stm32_sal_xspi.o
                0x341880d8                SAL_XSPI_GetSFDP
 .text.SAL_XSPI_GetId
                0x3418815a       0xba ./Middlewares/STM32_ExtMem_Manager/stm32_sal_xspi.o
                0x3418815a                SAL_XSPI_GetId
 .text.SAL_XSPI_CommandSendAddress
                0x34188214       0x56 ./Middlewares/STM32_ExtMem_Manager/stm32_sal_xspi.o
                0x34188214                SAL_XSPI_CommandSendAddress
 .text.SAL_XSPI_CommandSendData
                0x3418826a       0x5e ./Middlewares/STM32_ExtMem_Manager/stm32_sal_xspi.o
                0x3418826a                SAL_XSPI_CommandSendData
 .text.SAL_XSPI_SendReadCommand
                0x341882c8       0x5e ./Middlewares/STM32_ExtMem_Manager/stm32_sal_xspi.o
                0x341882c8                SAL_XSPI_SendReadCommand
 .text.SAL_XSPI_CommandSendReadAddress
                0x34188326       0x90 ./Middlewares/STM32_ExtMem_Manager/stm32_sal_xspi.o
                0x34188326                SAL_XSPI_CommandSendReadAddress
 .text.SAL_XSPI_CheckStatusRegister
                0x341883b6       0xae ./Middlewares/STM32_ExtMem_Manager/stm32_sal_xspi.o
                0x341883b6                SAL_XSPI_CheckStatusRegister
 .text.SAL_XSPI_EnableMapMode
                0x34188464       0x96 ./Middlewares/STM32_ExtMem_Manager/stm32_sal_xspi.o
                0x34188464                SAL_XSPI_EnableMapMode
 .text.XSPI_Transmit
                0x341884fa        0xc ./Middlewares/STM32_ExtMem_Manager/stm32_sal_xspi.o
                0x341884fa                XSPI_Transmit
 .text.SAL_XSPI_Write
                0x34188506       0x62 ./Middlewares/STM32_ExtMem_Manager/stm32_sal_xspi.o
                0x34188506                SAL_XSPI_Write
 .text.driver_check_FlagBUSY
                0x34188568       0x4a ./Middlewares/STM32_ExtMem_Manager/stm32_sfdp_data.o
                0x34188568                driver_check_FlagBUSY
 *fill*         0x341885b2        0x2 
 .text.sfdp_getfrequencevalue
                0x341885b4       0x44 ./Middlewares/STM32_ExtMem_Manager/stm32_sfdp_data.o
                0x341885b4                sfdp_getfrequencevalue
 .text.sfdp_get_paraminfo
                0x341885f8      0x19c ./Middlewares/STM32_ExtMem_Manager/stm32_sfdp_data.o
                0x341885f8                sfdp_get_paraminfo
 .text.SFDP_CollectData
                0x34188794      0x100 ./Middlewares/STM32_ExtMem_Manager/stm32_sfdp_data.o
                0x34188794                SFDP_CollectData
 .text.SFDP_MemoryReset
                0x34188894       0xe4 ./Middlewares/STM32_ExtMem_Manager/stm32_sfdp_data.o
                0x34188894                SFDP_MemoryReset
 .text.sfdp_enter_octal_mode
                0x34188978      0x184 ./Middlewares/STM32_ExtMem_Manager/stm32_sfdp_data.o
                0x34188978                sfdp_enter_octal_mode
 .text.sfdp_set_dummycycle
                0x34188afc      0x134 ./Middlewares/STM32_ExtMem_Manager/stm32_sfdp_data.o
                0x34188afc                sfdp_set_dummycycle
 .text.JEDEC_Basic_ManageQuadEnableRequirement
                0x34188c30       0xf8 ./Middlewares/STM32_ExtMem_Manager/stm32_sfdp_data.o
                0x34188c30                JEDEC_Basic_ManageQuadEnableRequirement
 .text.JEDEC_Basic_Manage4S4S4SEnableSequence
                0x34188d28       0x4c ./Middlewares/STM32_ExtMem_Manager/stm32_sfdp_data.o
                0x34188d28                JEDEC_Basic_Manage4S4S4SEnableSequence
 .text.SFDP_BuildGenericDriver
                0x34188d74      0x890 ./Middlewares/STM32_ExtMem_Manager/stm32_sfdp_data.o
                0x34188d74                SFDP_BuildGenericDriver
 .text.CheckSFDP_Signature
                0x34189604       0x38 ./Middlewares/STM32_ExtMem_Manager/stm32_sfdp_data.o
                0x34189604                CheckSFDP_Signature
 .text.SFDP_ReadHeader
                0x3418963c       0x44 ./Middlewares/STM32_ExtMem_Manager/stm32_sfdp_data.o
                0x3418963c                SFDP_ReadHeader
 .text.SFDP_GetHeader
                0x34189680       0x80 ./Middlewares/STM32_ExtMem_Manager/stm32_sfdp_data.o
                0x34189680                SFDP_GetHeader
 .text.driver_set_FlagWEL
                0x34189700       0x66 ./Middlewares/STM32_ExtMem_Manager/stm32_sfdp_driver.o
 *fill*         0x34189766        0x2 
 .text.EXTMEM_DRIVER_NOR_SFDP_Init
                0x34189768      0x5cc ./Middlewares/STM32_ExtMem_Manager/stm32_sfdp_driver.o
                0x34189768                EXTMEM_DRIVER_NOR_SFDP_Init
 .text.EXTMEM_DRIVER_NOR_SFDP_Write
                0x34189d34       0x9c ./Middlewares/STM32_ExtMem_Manager/stm32_sfdp_driver.o
                0x34189d34                EXTMEM_DRIVER_NOR_SFDP_Write
 .text.EXTMEM_DRIVER_NOR_SFDP_MassErase
                0x34189dd0       0x44 ./Middlewares/STM32_ExtMem_Manager/stm32_sfdp_driver.o
                0x34189dd0                EXTMEM_DRIVER_NOR_SFDP_MassErase
 .text.EXTMEM_DRIVER_NOR_SFDP_SectorErase
                0x34189e14       0xa2 ./Middlewares/STM32_ExtMem_Manager/stm32_sfdp_driver.o
                0x34189e14                EXTMEM_DRIVER_NOR_SFDP_SectorErase
 .text.EXTMEM_DRIVER_NOR_SFDP_Enable_MemoryMappedMode
                0x34189eb6       0x26 ./Middlewares/STM32_ExtMem_Manager/stm32_sfdp_driver.o
                0x34189eb6                EXTMEM_DRIVER_NOR_SFDP_Enable_MemoryMappedMode
 .text.EXTMEM_DRIVER_NOR_SFDP_Disable_MemoryMappedMode
                0x34189edc       0x12 ./Middlewares/STM32_ExtMem_Manager/stm32_sfdp_driver.o
                0x34189edc                EXTMEM_DRIVER_NOR_SFDP_Disable_MemoryMappedMode
 *fill*         0x34189eee        0x2 
 .text.memset   0x34189ef0       0x9c C:/ST/STM32CubeIDE_2.1.1/STM32CubeIDE/plugins/com.st.stm32cube.ide.mcu.externaltools.gnu-tools-for-stm32.14.3.rel1.win32_1.0.100.202602081740/tools/bin/../lib/gcc/arm-none-eabi/14.3.1/../../../../arm-none-eabi/lib/thumb/v8-m.main+dp/hard\libc.a(libc_a-memset.o)
                0x34189ef0                memset
 .text.__retarget_lock_acquire_recursive
                0x34189f8c        0x4 C:/ST/STM32CubeIDE_2.1.1/STM32CubeIDE/plugins/com.st.stm32cube.ide.mcu.externaltools.gnu-tools-for-stm32.14.3.rel1.win32_1.0.100.202602081740/tools/bin/../lib/gcc/arm-none-eabi/14.3.1/../../../../arm-none-eabi/lib/thumb/v8-m.main+dp/hard\libc.a(libc_a-lock.o)
                0x34189f8c                __retarget_lock_acquire_recursive
 .text.__retarget_lock_release_recursive
                0x34189f90        0x4 C:/ST/STM32CubeIDE_2.1.1/STM32CubeIDE/plugins/com.st.stm32cube.ide.mcu.externaltools.gnu-tools-for-stm32.14.3.rel1.win32_1.0.100.202602081740/tools/bin/../lib/gcc/arm-none-eabi/14.3.1/../../../../arm-none-eabi/lib/thumb/v8-m.main+dp/hard\libc.a(libc_a-lock.o)
                0x34189f90                __retarget_lock_release_recursive
 .text.startup.register_fini
                0x34189f94       0x14 C:/ST/STM32CubeIDE_2.1.1/STM32CubeIDE/plugins/com.st.stm32cube.ide.mcu.externaltools.gnu-tools-for-stm32.14.3.rel1.win32_1.0.100.202602081740/tools/bin/../lib/gcc/arm-none-eabi/14.3.1/../../../../arm-none-eabi/lib/thumb/v8-m.main+dp/hard\libc.a(libc_a-__call_atexit.o)
 .text.atexit   0x34189fa8        0xc C:/ST/STM32CubeIDE_2.1.1/STM32CubeIDE/plugins/com.st.stm32cube.ide.mcu.externaltools.gnu-tools-for-stm32.14.3.rel1.win32_1.0.100.202602081740/tools/bin/../lib/gcc/arm-none-eabi/14.3.1/../../../../arm-none-eabi/lib/thumb/v8-m.main+dp/hard\libc.a(libc_a-atexit.o)
                0x34189fa8                atexit
 .text.__libc_fini_array
                0x34189fb4       0x28 C:/ST/STM32CubeIDE_2.1.1/STM32CubeIDE/plugins/com.st.stm32cube.ide.mcu.externaltools.gnu-tools-for-stm32.14.3.rel1.win32_1.0.100.202602081740/tools/bin/../lib/gcc/arm-none-eabi/14.3.1/../../../../arm-none-eabi/lib/thumb/v8-m.main+dp/hard\libc.a(libc_a-fini.o)
                0x34189fb4                __libc_fini_array
 .text.__register_exitproc
                0x34189fdc       0x84 C:/ST/STM32CubeIDE_2.1.1/STM32CubeIDE/plugins/com.st.stm32cube.ide.mcu.externaltools.gnu-tools-for-stm32.14.3.rel1.win32_1.0.100.202602081740/tools/bin/../lib/gcc/arm-none-eabi/14.3.1/../../../../arm-none-eabi/lib/thumb/v8-m.main+dp/hard\libc.a(libc_a-__atexit.o)
                0x34189fdc                __register_exitproc
 *(.glue_7)
 .glue_7        0x3418a060        0x0 linker stubs
 *(.glue_7t)
 .glue_7t       0x3418a060        0x0 linker stubs
 *(.eh_frame)
 .eh_frame      0x3418a060        0x0 C:/ST/STM32CubeIDE_2.1.1/STM32CubeIDE/plugins/com.st.stm32cube.ide.mcu.externaltools.gnu-tools-for-stm32.14.3.rel1.win32_1.0.100.202602081740/tools/bin/../lib/gcc/arm-none-eabi/14.3.1/thumb/v8-m.main+dp/hard/crtbegin.o
 *(.init)
 .init          0x3418a060        0x4 C:/ST/STM32CubeIDE_2.1.1/STM32CubeIDE/plugins/com.st.stm32cube.ide.mcu.externaltools.gnu-tools-for-stm32.14.3.rel1.win32_1.0.100.202602081740/tools/bin/../lib/gcc/arm-none-eabi/14.3.1/thumb/v8-m.main+dp/hard/crti.o
                0x3418a060                _init
 .init          0x3418a064        0x8 C:/ST/STM32CubeIDE_2.1.1/STM32CubeIDE/plugins/com.st.stm32cube.ide.mcu.externaltools.gnu-tools-for-stm32.14.3.rel1.win32_1.0.100.202602081740/tools/bin/../lib/gcc/arm-none-eabi/14.3.1/thumb/v8-m.main+dp/hard/crtn.o
 *(.fini)
 .fini          0x3418a06c        0x4 C:/ST/STM32CubeIDE_2.1.1/STM32CubeIDE/plugins/com.st.stm32cube.ide.mcu.externaltools.gnu-tools-for-stm32.14.3.rel1.win32_1.0.100.202602081740/tools/bin/../lib/gcc/arm-none-eabi/14.3.1/thumb/v8-m.main+dp/hard/crti.o
                0x3418a06c                _fini
 .fini          0x3418a070        0x8 C:/ST/STM32CubeIDE_2.1.1/STM32CubeIDE/plugins/com.st.stm32cube.ide.mcu.externaltools.gnu-tools-for-stm32.14.3.rel1.win32_1.0.100.202602081740/tools/bin/../lib/gcc/arm-none-eabi/14.3.1/thumb/v8-m.main+dp/hard/crtn.o
                0x3418a078                        . = ALIGN (0x4)
                0x3418a078                        _etext = .

.vfp11_veneer   0x3418a078        0x0
 .vfp11_veneer  0x3418a078        0x0 linker stubs

.v4_bx          0x3418a078        0x0
 .v4_bx         0x3418a078        0x0 linker stubs

.iplt           0x3418a078        0x0
 .iplt          0x3418a078        0x0 C:/ST/STM32CubeIDE_2.1.1/STM32CubeIDE/plugins/com.st.stm32cube.ide.mcu.externaltools.gnu-tools-for-stm32.14.3.rel1.win32_1.0.100.202602081740/tools/bin/../lib/gcc/arm-none-eabi/14.3.1/thumb/v8-m.main+dp/hard/crtbegin.o

.stm32_device_info
                0x3418a078       0xc8
 *stm32_device_info.o(.rodata*)
 .rodata.StorageInfo
                0x3418a078       0xc8 ./Middlewares/STM32_ExtMem_Loader/stm32_device_info.o
                0x3418a078                StorageInfo

.rodata         0x3418a140       0xe4
                0x3418a140                        . = ALIGN (0x4)
 *(.rodata)
 .rodata        0x3418a140       0x2c ./Middlewares/STM32_ExtMem_Manager/stm32_sfdp_data.o
 .rodata        0x3418a16c       0x14 ./Middlewares/STM32_ExtMem_Manager/stm32_sfdp_driver.o
 *(.rodata*)
 .rodata.h.0    0x3418a180       0x11 ./Application/User/extmemloader_init.o
 *fill*         0x3418a191        0x3 
 .rodata.condition
                0x3418a194        0x4 ./Middlewares/STM32_ExtMem_Loader/stm32_loader_api.o
                0x3418a194                condition
 .rodata.chip_erase_unit.0
                0x3418a198       0x10 ./Middlewares/STM32_ExtMem_Manager/stm32_sfdp_data.o
 .rodata.block_erase_unit.1
                0x3418a1a8        0x8 ./Middlewares/STM32_ExtMem_Manager/stm32_sfdp_data.o
 .rodata.EXTMEM_DRIVER_NOR_SFDP_Init.str1.4
                0x3418a1b0       0x74 ./Middlewares/STM32_ExtMem_Manager/stm32_sfdp_driver.o
                0x3418a224                        . = ALIGN (0x4)

.rel.dyn        0x3418a224        0x0
 .rel.iplt      0x3418a224        0x0 C:/ST/STM32CubeIDE_2.1.1/STM32CubeIDE/plugins/com.st.stm32cube.ide.mcu.externaltools.gnu-tools-for-stm32.14.3.rel1.win32_1.0.100.202602081740/tools/bin/../lib/gcc/arm-none-eabi/14.3.1/thumb/v8-m.main+dp/hard/crtbegin.o

._user_heap_stack
                0x3418a224      0x40c
                0x3418a228                        . = ALIGN (0x8)
 *fill*         0x3418a224        0x4 
                [!provide]                        PROVIDE (end = .)
                0x3418a228                        PROVIDE (_end = .)
                0x3418a230                        . = (. + _Min_Heap_Size)
 *fill*         0x3418a228        0x8 
                0x3418a630                        . = (. + _Min_Stack_Size)
 *fill*         0x3418a230      0x400 
                0x3418a630                        . = ALIGN (0x8)

.ARM.attributes
                0x00000000       0x3a
 *(.ARM.attributes)
 .ARM.attributes
                0x00000000       0x24 C:/ST/STM32CubeIDE_2.1.1/STM32CubeIDE/plugins/com.st.stm32cube.ide.mcu.externaltools.gnu-tools-for-stm32.14.3.rel1.win32_1.0.100.202602081740/tools/bin/../lib/gcc/arm-none-eabi/14.3.1/thumb/v8-m.main+dp/hard/crti.o
 .ARM.attributes
                0x00000024       0x36 C:/ST/STM32CubeIDE_2.1.1/STM32CubeIDE/plugins/com.st.stm32cube.ide.mcu.externaltools.gnu-tools-for-stm32.14.3.rel1.win32_1.0.100.202602081740/tools/bin/../lib/gcc/arm-none-eabi/14.3.1/thumb/v8-m.main+dp/hard/crtbegin.o
 .ARM.attributes
                0x0000005a       0x3e ./Application/User/extmem_manager.o
 .ARM.attributes
                0x00000098       0x3e ./Application/User/extmemloader_init.o
 .ARM.attributes
                0x000000d6       0x3e ./Application/User/stm32n6xx_hal_msp.o
 .ARM.attributes
                0x00000114       0x3e ./Drivers/CMSIS/system_stm32n6xx_fsbl.o
 .ARM.attributes
                0x00000152       0x3e ./Drivers/STM32N6xx_HAL_Driver/stm32n6xx_hal.o
 .ARM.attributes
                0x00000190       0x3e ./Drivers/STM32N6xx_HAL_Driver/stm32n6xx_hal_bsec.o
 .ARM.attributes
                0x000001ce       0x3e ./Drivers/STM32N6xx_HAL_Driver/stm32n6xx_hal_cortex.o
 .ARM.attributes
                0x0000020c       0x3e ./Drivers/STM32N6xx_HAL_Driver/stm32n6xx_hal_dma.o
 .ARM.attributes
                0x0000024a       0x3e ./Drivers/STM32N6xx_HAL_Driver/stm32n6xx_hal_gpio.o
 .ARM.attributes
                0x00000288       0x3e ./Drivers/STM32N6xx_HAL_Driver/stm32n6xx_hal_pwr_ex.o
 .ARM.attributes
                0x000002c6       0x3e ./Drivers/STM32N6xx_HAL_Driver/stm32n6xx_hal_rcc.o
 .ARM.attributes
                0x00000304       0x3e ./Drivers/STM32N6xx_HAL_Driver/stm32n6xx_hal_rcc_ex.o
 .ARM.attributes
                0x00000342       0x3e ./Drivers/STM32N6xx_HAL_Driver/stm32n6xx_hal_xspi.o
 .ARM.attributes
                0x00000380       0x3e ./Middlewares/STM32_ExtMem_Loader/memory_wrapper.o
 .ARM.attributes
                0x000003be       0x3e ./Middlewares/STM32_ExtMem_Loader/stm32_device_info.o
 .ARM.attributes
                0x000003fc       0x3e ./Middlewares/STM32_ExtMem_Loader/stm32_loader_api.o
 .ARM.attributes
                0x0000043a       0x3e ./Middlewares/STM32_ExtMem_Loader/systick_management.o
 .ARM.attributes
                0x00000478       0x3e ./Middlewares/STM32_ExtMem_Manager/stm32_extmem.o
 .ARM.attributes
                0x000004b6       0x3e ./Middlewares/STM32_ExtMem_Manager/stm32_sal_xspi.o
 .ARM.attributes
                0x000004f4       0x3e ./Middlewares/STM32_ExtMem_Manager/stm32_sfdp_data.o
 .ARM.attributes
                0x00000532       0x3e ./Middlewares/STM32_ExtMem_Manager/stm32_sfdp_driver.o
 .ARM.attributes
                0x00000570       0x36 C:/ST/STM32CubeIDE_2.1.1/STM32CubeIDE/plugins/com.st.stm32cube.ide.mcu.externaltools.gnu-tools-for-stm32.14.3.rel1.win32_1.0.100.202602081740/tools/bin/../lib/gcc/arm-none-eabi/14.3.1/../../../../arm-none-eabi/lib/thumb/v8-m.main+dp/hard\libc.a(libc_a-memset.o)
 .ARM.attributes
                0x000005a6       0x36 C:/ST/STM32CubeIDE_2.1.1/STM32CubeIDE/plugins/com.st.stm32cube.ide.mcu.externaltools.gnu-tools-for-stm32.14.3.rel1.win32_1.0.100.202602081740/tools/bin/../lib/gcc/arm-none-eabi/14.3.1/../../../../arm-none-eabi/lib/thumb/v8-m.main+dp/hard\libc.a(libc_a-lock.o)
 .ARM.attributes
                0x000005dc       0x22 C:/ST/STM32CubeIDE_2.1.1/STM32CubeIDE/plugins/com.st.stm32cube.ide.mcu.externaltools.gnu-tools-for-stm32.14.3.rel1.win32_1.0.100.202602081740/tools/bin/../lib/gcc/arm-none-eabi/14.3.1/../../../../arm-none-eabi/lib/thumb/v8-m.main+dp/hard\libc.a(libc_a-memcpy.o)
 .ARM.attributes
                0x000005fe       0x36 C:/ST/STM32CubeIDE_2.1.1/STM32CubeIDE/plugins/com.st.stm32cube.ide.mcu.externaltools.gnu-tools-for-stm32.14.3.rel1.win32_1.0.100.202602081740/tools/bin/../lib/gcc/arm-none-eabi/14.3.1/../../../../arm-none-eabi/lib/thumb/v8-m.main+dp/hard\libc.a(libc_a-__call_atexit.o)
 .ARM.attributes
                0x00000634       0x36 C:/ST/STM32CubeIDE_2.1.1/STM32CubeIDE/plugins/com.st.stm32cube.ide.mcu.externaltools.gnu-tools-for-stm32.14.3.rel1.win32_1.0.100.202602081740/tools/bin/../lib/gcc/arm-none-eabi/14.3.1/../../../../arm-none-eabi/lib/thumb/v8-m.main+dp/hard\libc.a(libc_a-atexit.o)
 .ARM.attributes
                0x0000066a       0x36 C:/ST/STM32CubeIDE_2.1.1/STM32CubeIDE/plugins/com.st.stm32cube.ide.mcu.externaltools.gnu-tools-for-stm32.14.3.rel1.win32_1.0.100.202602081740/tools/bin/../lib/gcc/arm-none-eabi/14.3.1/../../../../arm-none-eabi/lib/thumb/v8-m.main+dp/hard\libc.a(libc_a-fini.o)
 .ARM.attributes
                0x000006a0       0x36 C:/ST/STM32CubeIDE_2.1.1/STM32CubeIDE/plugins/com.st.stm32cube.ide.mcu.externaltools.gnu-tools-for-stm32.14.3.rel1.win32_1.0.100.202602081740/tools/bin/../lib/gcc/arm-none-eabi/14.3.1/../../../../arm-none-eabi/lib/thumb/v8-m.main+dp/hard\libc.a(libc_a-__atexit.o)
 .ARM.attributes
                0x000006d6       0x24 C:/ST/STM32CubeIDE_2.1.1/STM32CubeIDE/plugins/com.st.stm32cube.ide.mcu.externaltools.gnu-tools-for-stm32.14.3.rel1.win32_1.0.100.202602081740/tools/bin/../lib/gcc/arm-none-eabi/14.3.1/thumb/v8-m.main+dp/hard/crtn.o
OUTPUT(Template_FSBL_XIP_ExtMemLoader.elf elf32-littlearm)
LOAD linker stubs

.debug_info     0x00000000    0x28d69
 .debug_info    0x00000000     0x1006 ./Application/User/extmem_manager.o
 .debug_info    0x00001006     0x292d ./Application/User/extmemloader_init.o
 .debug_info    0x00003933     0x27fc ./Application/User/stm32n6xx_hal_msp.o
 .debug_info    0x0000612f     0x1ac4 ./Drivers/CMSIS/system_stm32n6xx_fsbl.o
 .debug_info    0x00007bf3     0x2d00 ./Drivers/STM32N6xx_HAL_Driver/stm32n6xx_hal.o
 .debug_info    0x0000a8f3      0xf5c ./Drivers/STM32N6xx_HAL_Driver/stm32n6xx_hal_bsec.o
 .debug_info    0x0000b84f     0x17cd ./Drivers/STM32N6xx_HAL_Driver/stm32n6xx_hal_cortex.o
 .debug_info    0x0000d01c      0xdc9 ./Drivers/STM32N6xx_HAL_Driver/stm32n6xx_hal_dma.o
 .debug_info    0x0000dde5      0xbcd ./Drivers/STM32N6xx_HAL_Driver/stm32n6xx_hal_gpio.o
 .debug_info    0x0000e9b2      0xe5b ./Drivers/STM32N6xx_HAL_Driver/stm32n6xx_hal_pwr_ex.o
 .debug_info    0x0000f80d     0x2fad ./Drivers/STM32N6xx_HAL_Driver/stm32n6xx_hal_rcc.o
 .debug_info    0x000127ba     0x7fb1 ./Drivers/STM32N6xx_HAL_Driver/stm32n6xx_hal_rcc_ex.o
 .debug_info    0x0001a76b     0x340b ./Drivers/STM32N6xx_HAL_Driver/stm32n6xx_hal_xspi.o
 .debug_info    0x0001db76      0x41f ./Middlewares/STM32_ExtMem_Loader/memory_wrapper.o
 .debug_info    0x0001df95      0x194 ./Middlewares/STM32_ExtMem_Loader/stm32_device_info.o
 .debug_info    0x0001e129      0x692 ./Middlewares/STM32_ExtMem_Loader/stm32_loader_api.o
 .debug_info    0x0001e7bb      0x1ea ./Middlewares/STM32_ExtMem_Loader/systick_management.o
 .debug_info    0x0001e9a5     0x178b ./Middlewares/STM32_ExtMem_Manager/stm32_extmem.o
 .debug_info    0x00020130     0x1dc5 ./Middlewares/STM32_ExtMem_Manager/stm32_sal_xspi.o
 .debug_info    0x00021ef5     0x43a0 ./Middlewares/STM32_ExtMem_Manager/stm32_sfdp_data.o
 .debug_info    0x00026295     0x2ad4 ./Middlewares/STM32_ExtMem_Manager/stm32_sfdp_driver.o

.debug_abbrev   0x00000000     0x35e1
 .debug_abbrev  0x00000000      0x205 ./Application/User/extmem_manager.o
 .debug_abbrev  0x00000205      0x3e2 ./Application/User/extmemloader_init.o
 .debug_abbrev  0x000005e7      0x2c9 ./Application/User/stm32n6xx_hal_msp.o
 .debug_abbrev  0x000008b0      0x170 ./Drivers/CMSIS/system_stm32n6xx_fsbl.o
 .debug_abbrev  0x00000a20      0x329 ./Drivers/STM32N6xx_HAL_Driver/stm32n6xx_hal.o
 .debug_abbrev  0x00000d49      0x1df ./Drivers/STM32N6xx_HAL_Driver/stm32n6xx_hal_bsec.o
 .debug_abbrev  0x00000f28      0x3be ./Drivers/STM32N6xx_HAL_Driver/stm32n6xx_hal_cortex.o
 .debug_abbrev  0x000012e6      0x1ff ./Drivers/STM32N6xx_HAL_Driver/stm32n6xx_hal_dma.o
 .debug_abbrev  0x000014e5      0x289 ./Drivers/STM32N6xx_HAL_Driver/stm32n6xx_hal_gpio.o
 .debug_abbrev  0x0000176e      0x280 ./Drivers/STM32N6xx_HAL_Driver/stm32n6xx_hal_pwr_ex.o
 .debug_abbrev  0x000019ee      0x3ed ./Drivers/STM32N6xx_HAL_Driver/stm32n6xx_hal_rcc.o
 .debug_abbrev  0x00001ddb      0x3c9 ./Drivers/STM32N6xx_HAL_Driver/stm32n6xx_hal_rcc_ex.o
 .debug_abbrev  0x000021a4      0x2fc ./Drivers/STM32N6xx_HAL_Driver/stm32n6xx_hal_xspi.o
 .debug_abbrev  0x000024a0      0x106 ./Middlewares/STM32_ExtMem_Loader/memory_wrapper.o
 .debug_abbrev  0x000025a6       0x84 ./Middlewares/STM32_ExtMem_Loader/stm32_device_info.o
 .debug_abbrev  0x0000262a      0x1eb ./Middlewares/STM32_ExtMem_Loader/stm32_loader_api.o
 .debug_abbrev  0x00002815      0x123 ./Middlewares/STM32_ExtMem_Loader/systick_management.o
 .debug_abbrev  0x00002938      0x2a9 ./Middlewares/STM32_ExtMem_Manager/stm32_extmem.o
 .debug_abbrev  0x00002be1      0x2ac ./Middlewares/STM32_ExtMem_Manager/stm32_sal_xspi.o
 .debug_abbrev  0x00002e8d      0x304 ./Middlewares/STM32_ExtMem_Manager/stm32_sfdp_data.o
 .debug_abbrev  0x00003191      0x450 ./Middlewares/STM32_ExtMem_Manager/stm32_sfdp_driver.o

.debug_aranges  0x00000000     0x1210
 .debug_aranges
                0x00000000       0x20 ./Application/User/extmem_manager.o
 .debug_aranges
                0x00000020       0x50 ./Application/User/extmemloader_init.o
 .debug_aranges
                0x00000070       0x38 ./Application/User/stm32n6xx_hal_msp.o
 .debug_aranges
                0x000000a8       0x30 ./Drivers/CMSIS/system_stm32n6xx_fsbl.o
 .debug_aranges
                0x000000d8      0x3d0 ./Drivers/STM32N6xx_HAL_Driver/stm32n6xx_hal.o
 .debug_aranges
                0x000004a8      0x128 ./Drivers/STM32N6xx_HAL_Driver/stm32n6xx_hal_bsec.o
 .debug_aranges
                0x000005d0      0x140 ./Drivers/STM32N6xx_HAL_Driver/stm32n6xx_hal_cortex.o
 .debug_aranges
                0x00000710       0xb8 ./Drivers/STM32N6xx_HAL_Driver/stm32n6xx_hal_dma.o
 .debug_aranges
                0x000007c8       0xa8 ./Drivers/STM32N6xx_HAL_Driver/stm32n6xx_hal_gpio.o
 .debug_aranges
                0x00000870      0x260 ./Drivers/STM32N6xx_HAL_Driver/stm32n6xx_hal_pwr_ex.o
 .debug_aranges
                0x00000ad0       0xf8 ./Drivers/STM32N6xx_HAL_Driver/stm32n6xx_hal_rcc.o
 .debug_aranges
                0x00000bc8      0x1b8 ./Drivers/STM32N6xx_HAL_Driver/stm32n6xx_hal_rcc_ex.o
 .debug_aranges
                0x00000d80      0x1a0 ./Drivers/STM32N6xx_HAL_Driver/stm32n6xx_hal_xspi.o
 .debug_aranges
                0x00000f20       0x40 ./Middlewares/STM32_ExtMem_Loader/memory_wrapper.o
 .debug_aranges
                0x00000f60       0x18 ./Middlewares/STM32_ExtMem_Loader/stm32_device_info.o
 .debug_aranges
                0x00000f78       0x58 ./Middlewares/STM32_ExtMem_Loader/stm32_loader_api.o
 .debug_aranges
                0x00000fd0       0x28 ./Middlewares/STM32_ExtMem_Loader/systick_management.o
 .debug_aranges
                0x00000ff8       0x68 ./Middlewares/STM32_ExtMem_Manager/stm32_extmem.o
 .debug_aranges
                0x00001060       0xb8 ./Middlewares/STM32_ExtMem_Manager/stm32_sal_xspi.o
 .debug_aranges
                0x00001118       0x80 ./Middlewares/STM32_ExtMem_Manager/stm32_sfdp_data.o
 .debug_aranges
                0x00001198       0x78 ./Middlewares/STM32_ExtMem_Manager/stm32_sfdp_driver.o

.debug_rnglists
                0x00000000      0xf9b
 .debug_rnglists
                0x00000000       0x13 ./Application/User/extmem_manager.o
 .debug_rnglists
                0x00000013       0x3a ./Application/User/extmemloader_init.o
 .debug_rnglists
                0x0000004d       0x43 ./Application/User/stm32n6xx_hal_msp.o
 .debug_rnglists
                0x00000090       0x21 ./Drivers/CMSIS/system_stm32n6xx_fsbl.o
 .debug_rnglists
                0x000000b1      0x2da ./Drivers/STM32N6xx_HAL_Driver/stm32n6xx_hal.o
 .debug_rnglists
                0x0000038b       0xdd ./Drivers/STM32N6xx_HAL_Driver/stm32n6xx_hal_bsec.o
 .debug_rnglists
                0x00000468       0xeb ./Drivers/STM32N6xx_HAL_Driver/stm32n6xx_hal_cortex.o
 .debug_rnglists
                0x00000553       0x8c ./Drivers/STM32N6xx_HAL_Driver/stm32n6xx_hal_dma.o
 .debug_rnglists
                0x000005df       0x93 ./Drivers/STM32N6xx_HAL_Driver/stm32n6xx_hal_gpio.o
 .debug_rnglists
                0x00000672      0x1f9 ./Drivers/STM32N6xx_HAL_Driver/stm32n6xx_hal_pwr_ex.o
 .debug_rnglists
                0x0000086b      0x162 ./Drivers/STM32N6xx_HAL_Driver/stm32n6xx_hal_rcc.o
 .debug_rnglists
                0x000009cd      0x197 ./Drivers/STM32N6xx_HAL_Driver/stm32n6xx_hal_rcc_ex.o
 .debug_rnglists
                0x00000b64      0x145 ./Drivers/STM32N6xx_HAL_Driver/stm32n6xx_hal_xspi.o
 .debug_rnglists
                0x00000ca9       0x2b ./Middlewares/STM32_ExtMem_Loader/memory_wrapper.o
 .debug_rnglists
                0x00000cd4       0x3f ./Middlewares/STM32_ExtMem_Loader/stm32_loader_api.o
 .debug_rnglists
                0x00000d13       0x19 ./Middlewares/STM32_ExtMem_Loader/systick_management.o
 .debug_rnglists
                0x00000d2c       0x57 ./Middlewares/STM32_ExtMem_Manager/stm32_extmem.o
 .debug_rnglists
                0x00000d83       0xa4 ./Middlewares/STM32_ExtMem_Manager/stm32_sal_xspi.o
 .debug_rnglists
                0x00000e27       0xbc ./Middlewares/STM32_ExtMem_Manager/stm32_sfdp_data.o
 .debug_rnglists
                0x00000ee3       0xb8 ./Middlewares/STM32_ExtMem_Manager/stm32_sfdp_driver.o

.debug_line     0x00000000    0x19cca
 .debug_line    0x00000000      0x5fc ./Application/User/extmem_manager.o
 .debug_line    0x000005fc      0xab3 ./Application/User/extmemloader_init.o
 .debug_line    0x000010af      0x613 ./Application/User/stm32n6xx_hal_msp.o
 .debug_line    0x000016c2      0x888 ./Drivers/CMSIS/system_stm32n6xx_fsbl.o
 .debug_line    0x00001f4a     0x1561 ./Drivers/STM32N6xx_HAL_Driver/stm32n6xx_hal.o
 .debug_line    0x000034ab     0x1520 ./Drivers/STM32N6xx_HAL_Driver/stm32n6xx_hal_bsec.o
 .debug_line    0x000049cb      0xbc7 ./Drivers/STM32N6xx_HAL_Driver/stm32n6xx_hal_cortex.o
 .debug_line    0x00005592     0x15e5 ./Drivers/STM32N6xx_HAL_Driver/stm32n6xx_hal_dma.o
 .debug_line    0x00006b77      0xd36 ./Drivers/STM32N6xx_HAL_Driver/stm32n6xx_hal_gpio.o
 .debug_line    0x000078ad      0xfd2 ./Drivers/STM32N6xx_HAL_Driver/stm32n6xx_hal_pwr_ex.o
 .debug_line    0x0000887f     0x269e ./Drivers/STM32N6xx_HAL_Driver/stm32n6xx_hal_rcc.o
 .debug_line    0x0000af1d     0x6e4f ./Drivers/STM32N6xx_HAL_Driver/stm32n6xx_hal_rcc_ex.o
 .debug_line    0x00011d6c     0x2159 ./Drivers/STM32N6xx_HAL_Driver/stm32n6xx_hal_xspi.o
 .debug_line    0x00013ec5      0x40b ./Middlewares/STM32_ExtMem_Loader/memory_wrapper.o
 .debug_line    0x000142d0      0x295 ./Middlewares/STM32_ExtMem_Loader/stm32_device_info.o
 .debug_line    0x00014565      0x7c9 ./Middlewares/STM32_ExtMem_Loader/stm32_loader_api.o
 .debug_line    0x00014d2e      0x3f5 ./Middlewares/STM32_ExtMem_Loader/systick_management.o
 .debug_line    0x00015123      0x9de ./Middlewares/STM32_ExtMem_Manager/stm32_extmem.o
 .debug_line    0x00015b01     0x1166 ./Middlewares/STM32_ExtMem_Manager/stm32_sal_xspi.o
 .debug_line    0x00016c67     0x1abd ./Middlewares/STM32_ExtMem_Manager/stm32_sfdp_data.o
 .debug_line    0x00018724     0x15a6 ./Middlewares/STM32_ExtMem_Manager/stm32_sfdp_driver.o

.debug_str      0x00000000     0xbd0b
 .debug_str     0x00000000     0xbd0b ./Application/User/extmem_manager.o
                               0x1075 (size before relaxing)
 .debug_str     0x0000bd0b     0x1890 ./Application/User/extmemloader_init.o
 .debug_str     0x0000bd0b     0x1aa7 ./Application/User/stm32n6xx_hal_msp.o
 .debug_str     0x0000bd0b     0x10e8 ./Drivers/CMSIS/system_stm32n6xx_fsbl.o
 .debug_str     0x0000bd0b     0x2b14 ./Drivers/STM32N6xx_HAL_Driver/stm32n6xx_hal.o
 .debug_str     0x0000bd0b      0x922 ./Drivers/STM32N6xx_HAL_Driver/stm32n6xx_hal_bsec.o
 .debug_str     0x0000bd0b     0x14e1 ./Drivers/STM32N6xx_HAL_Driver/stm32n6xx_hal_cortex.o
 .debug_str     0x0000bd0b      0xaaa ./Drivers/STM32N6xx_HAL_Driver/stm32n6xx_hal_dma.o
 .debug_str     0x0000bd0b      0x72a ./Drivers/STM32N6xx_HAL_Driver/stm32n6xx_hal_gpio.o
 .debug_str     0x0000bd0b      0xe1d ./Drivers/STM32N6xx_HAL_Driver/stm32n6xx_hal_pwr_ex.o
 .debug_str     0x0000bd0b     0x197a ./Drivers/STM32N6xx_HAL_Driver/stm32n6xx_hal_rcc.o
 .debug_str     0x0000bd0b     0x2c3b ./Drivers/STM32N6xx_HAL_Driver/stm32n6xx_hal_rcc_ex.o
 .debug_str     0x0000bd0b     0x1b44 ./Drivers/STM32N6xx_HAL_Driver/stm32n6xx_hal_xspi.o
 .debug_str     0x0000bd0b      0x4d4 ./Middlewares/STM32_ExtMem_Loader/memory_wrapper.o
 .debug_str     0x0000bd0b      0x34d ./Middlewares/STM32_ExtMem_Loader/stm32_device_info.o
 .debug_str     0x0000bd0b      0x57f ./Middlewares/STM32_ExtMem_Loader/stm32_loader_api.o
 .debug_str     0x0000bd0b      0x3a0 ./Middlewares/STM32_ExtMem_Loader/systick_management.o
 .debug_str     0x0000bd0b     0x15df ./Middlewares/STM32_ExtMem_Manager/stm32_extmem.o
 .debug_str     0x0000bd0b     0x103b ./Middlewares/STM32_ExtMem_Manager/stm32_sal_xspi.o
 .debug_str     0x0000bd0b     0x3c39 ./Middlewares/STM32_ExtMem_Manager/stm32_sfdp_data.o
 .debug_str     0x0000bd0b     0x1a8d ./Middlewares/STM32_ExtMem_Manager/stm32_sfdp_driver.o

.comment        0x00000000       0x43
 .comment       0x00000000       0x43 ./Application/User/extmem_manager.o
                                 0x44 (size before relaxing)
 .comment       0x00000043       0x44 ./Application/User/extmemloader_init.o
 .comment       0x00000043       0x44 ./Application/User/stm32n6xx_hal_msp.o
 .comment       0x00000043       0x44 ./Drivers/CMSIS/system_stm32n6xx_fsbl.o
 .comment       0x00000043       0x44 ./Drivers/STM32N6xx_HAL_Driver/stm32n6xx_hal.o
 .comment       0x00000043       0x44 ./Drivers/STM32N6xx_HAL_Driver/stm32n6xx_hal_bsec.o
 .comment       0x00000043       0x44 ./Drivers/STM32N6xx_HAL_Driver/stm32n6xx_hal_cortex.o
 .comment       0x00000043       0x44 ./Drivers/STM32N6xx_HAL_Driver/stm32n6xx_hal_dma.o
 .comment       0x00000043       0x44 ./Drivers/STM32N6xx_HAL_Driver/stm32n6xx_hal_gpio.o
 .comment       0x00000043       0x44 ./Drivers/STM32N6xx_HAL_Driver/stm32n6xx_hal_pwr_ex.o
 .comment       0x00000043       0x44 ./Drivers/STM32N6xx_HAL_Driver/stm32n6xx_hal_rcc.o
 .comment       0x00000043       0x44 ./Drivers/STM32N6xx_HAL_Driver/stm32n6xx_hal_rcc_ex.o
 .comment       0x00000043       0x44 ./Drivers/STM32N6xx_HAL_Driver/stm32n6xx_hal_xspi.o
 .comment       0x00000043       0x44 ./Middlewares/STM32_ExtMem_Loader/memory_wrapper.o
 .comment       0x00000043       0x44 ./Middlewares/STM32_ExtMem_Loader/stm32_device_info.o
 .comment       0x00000043       0x44 ./Middlewares/STM32_ExtMem_Loader/stm32_loader_api.o
 .comment       0x00000043       0x44 ./Middlewares/STM32_ExtMem_Loader/systick_management.o
 .comment       0x00000043       0x44 ./Middlewares/STM32_ExtMem_Manager/stm32_extmem.o
 .comment       0x00000043       0x44 ./Middlewares/STM32_ExtMem_Manager/stm32_sal_xspi.o
 .comment       0x00000043       0x44 ./Middlewares/STM32_ExtMem_Manager/stm32_sfdp_data.o
 .comment       0x00000043       0x44 ./Middlewares/STM32_ExtMem_Manager/stm32_sfdp_driver.o

.debug_frame    0x00000000     0x2f34
 .debug_frame   0x00000000       0x28 ./Application/User/extmem_manager.o
 .debug_frame   0x00000028       0xb4 ./Application/User/extmemloader_init.o
 .debug_frame   0x000000dc       0x6c ./Application/User/stm32n6xx_hal_msp.o
 .debug_frame   0x00000148       0x7c ./Drivers/CMSIS/system_stm32n6xx_fsbl.o
 .debug_frame   0x000001c4      0x7c8 ./Drivers/STM32N6xx_HAL_Driver/stm32n6xx_hal.o
 .debug_frame   0x0000098c      0x2fc ./Drivers/STM32N6xx_HAL_Driver/stm32n6xx_hal_bsec.o
 .debug_frame   0x00000c88      0x2c4 ./Drivers/STM32N6xx_HAL_Driver/stm32n6xx_hal_cortex.o
 .debug_frame   0x00000f4c      0x1e0 ./Drivers/STM32N6xx_HAL_Driver/stm32n6xx_hal_dma.o
 .debug_frame   0x0000112c      0x1b0 ./Drivers/STM32N6xx_HAL_Driver/stm32n6xx_hal_gpio.o
 .debug_frame   0x000012dc      0x4c4 ./Drivers/STM32N6xx_HAL_Driver/stm32n6xx_hal_pwr_ex.o
 .debug_frame   0x000017a0      0x320 ./Drivers/STM32N6xx_HAL_Driver/stm32n6xx_hal_rcc.o
 .debug_frame   0x00001ac0      0x4d8 ./Drivers/STM32N6xx_HAL_Driver/stm32n6xx_hal_rcc_ex.o
 .debug_frame   0x00001f98      0x4bc ./Drivers/STM32N6xx_HAL_Driver/stm32n6xx_hal_xspi.o
 .debug_frame   0x00002454       0x88 ./Middlewares/STM32_ExtMem_Loader/memory_wrapper.o
 .debug_frame   0x000024dc       0xdc ./Middlewares/STM32_ExtMem_Loader/stm32_loader_api.o
 .debug_frame   0x000025b8       0x30 ./Middlewares/STM32_ExtMem_Loader/systick_management.o
 .debug_frame   0x000025e8      0x164 ./Middlewares/STM32_ExtMem_Manager/stm32_extmem.o
 .debug_frame   0x0000274c      0x2a8 ./Middlewares/STM32_ExtMem_Manager/stm32_sal_xspi.o
 .debug_frame   0x000029f4      0x1c0 ./Middlewares/STM32_ExtMem_Manager/stm32_sfdp_data.o
 .debug_frame   0x00002bb4      0x198 ./Middlewares/STM32_ExtMem_Manager/stm32_sfdp_driver.o
 .debug_frame   0x00002d4c       0x2c C:/ST/STM32CubeIDE_2.1.1/STM32CubeIDE/plugins/com.st.stm32cube.ide.mcu.externaltools.gnu-tools-for-stm32.14.3.rel1.win32_1.0.100.202602081740/tools/bin/../lib/gcc/arm-none-eabi/14.3.1/../../../../arm-none-eabi/lib/thumb/v8-m.main+dp/hard\libc.a(libc_a-memset.o)
 .debug_frame   0x00002d78       0xb0 C:/ST/STM32CubeIDE_2.1.1/STM32CubeIDE/plugins/com.st.stm32cube.ide.mcu.externaltools.gnu-tools-for-stm32.14.3.rel1.win32_1.0.100.202602081740/tools/bin/../lib/gcc/arm-none-eabi/14.3.1/../../../../arm-none-eabi/lib/thumb/v8-m.main+dp/hard\libc.a(libc_a-lock.o)
 .debug_frame   0x00002e28       0x28 C:/ST/STM32CubeIDE_2.1.1/STM32CubeIDE/plugins/com.st.stm32cube.ide.mcu.externaltools.gnu-tools-for-stm32.14.3.rel1.win32_1.0.100.202602081740/tools/bin/../lib/gcc/arm-none-eabi/14.3.1/../../../../arm-none-eabi/lib/thumb/v8-m.main+dp/hard\libc.a(libc_a-memcpy.o)
 .debug_frame   0x00002e50       0x5c C:/ST/STM32CubeIDE_2.1.1/STM32CubeIDE/plugins/com.st.stm32cube.ide.mcu.externaltools.gnu-tools-for-stm32.14.3.rel1.win32_1.0.100.202602081740/tools/bin/../lib/gcc/arm-none-eabi/14.3.1/../../../../arm-none-eabi/lib/thumb/v8-m.main+dp/hard\libc.a(libc_a-__call_atexit.o)
 .debug_frame   0x00002eac       0x20 C:/ST/STM32CubeIDE_2.1.1/STM32CubeIDE/plugins/com.st.stm32cube.ide.mcu.externaltools.gnu-tools-for-stm32.14.3.rel1.win32_1.0.100.202602081740/tools/bin/../lib/gcc/arm-none-eabi/14.3.1/../../../../arm-none-eabi/lib/thumb/v8-m.main+dp/hard\libc.a(libc_a-atexit.o)
 .debug_frame   0x00002ecc       0x34 C:/ST/STM32CubeIDE_2.1.1/STM32CubeIDE/plugins/com.st.stm32cube.ide.mcu.externaltools.gnu-tools-for-stm32.14.3.rel1.win32_1.0.100.202602081740/tools/bin/../lib/gcc/arm-none-eabi/14.3.1/../../../../arm-none-eabi/lib/thumb/v8-m.main+dp/hard\libc.a(libc_a-fini.o)
 .debug_frame   0x00002f00       0x34 C:/ST/STM32CubeIDE_2.1.1/STM32CubeIDE/plugins/com.st.stm32cube.ide.mcu.externaltools.gnu-tools-for-stm32.14.3.rel1.win32_1.0.100.202602081740/tools/bin/../lib/gcc/arm-none-eabi/14.3.1/../../../../arm-none-eabi/lib/thumb/v8-m.main+dp/hard\libc.a(libc_a-__atexit.o)

.debug_loclists
                0x00000000     0xc207
 .debug_loclists
                0x00000000       0xc5 ./Application/User/extmemloader_init.o
 .debug_loclists
                0x000000c5       0xae ./Application/User/stm32n6xx_hal_msp.o
 .debug_loclists
                0x00000173      0x3a6 ./Drivers/CMSIS/system_stm32n6xx_fsbl.o
 .debug_loclists
                0x00000519      0xa7c ./Drivers/STM32N6xx_HAL_Driver/stm32n6xx_hal.o
 .debug_loclists
                0x00000f95      0xe05 ./Drivers/STM32N6xx_HAL_Driver/stm32n6xx_hal_bsec.o
 .debug_loclists
                0x00001d9a      0x65b ./Drivers/STM32N6xx_HAL_Driver/stm32n6xx_hal_cortex.o
 .debug_loclists
                0x000023f5      0x864 ./Drivers/STM32N6xx_HAL_Driver/stm32n6xx_hal_dma.o
 .debug_loclists
                0x00002c59      0x583 ./Drivers/STM32N6xx_HAL_Driver/stm32n6xx_hal_gpio.o
 .debug_loclists
                0x000031dc      0x3ec ./Drivers/STM32N6xx_HAL_Driver/stm32n6xx_hal_pwr_ex.o
 .debug_loclists
                0x000035c8     0x10dd ./Drivers/STM32N6xx_HAL_Driver/stm32n6xx_hal_rcc.o
 .debug_loclists
                0x000046a5     0x3aa9 ./Drivers/STM32N6xx_HAL_Driver/stm32n6xx_hal_rcc_ex.o
 .debug_loclists
                0x0000814e     0x1482 ./Drivers/STM32N6xx_HAL_Driver/stm32n6xx_hal_xspi.o
 .debug_loclists
                0x000095d0      0x178 ./Middlewares/STM32_ExtMem_Loader/memory_wrapper.o
 .debug_loclists
                0x00009748      0x35c ./Middlewares/STM32_ExtMem_Loader/stm32_loader_api.o
 .debug_loclists
                0x00009aa4       0x7b ./Middlewares/STM32_ExtMem_Loader/systick_management.o
 .debug_loclists
                0x00009b1f      0x90c ./Middlewares/STM32_ExtMem_Manager/stm32_extmem.o
 .debug_loclists
                0x0000a42b      0xa96 ./Middlewares/STM32_ExtMem_Manager/stm32_sal_xspi.o
 .debug_loclists
                0x0000aec1      0xa16 ./Middlewares/STM32_ExtMem_Manager/stm32_sfdp_data.o
 .debug_loclists
                0x0000b8d7      0x930 ./Middlewares/STM32_ExtMem_Manager/stm32_sfdp_driver.o
