C:/Users/Daniel.DE-ROLAND80/Documents/GitHub/ST/STM32CubeN6/Middlewares/ST/STM32_ExtMem_Loader/core/memory_wrapper.c:50:19:memory_init	0	static
C:/Users/Daniel.DE-ROLAND80/Documents/GitHub/ST/STM32CubeN6/Middlewares/ST/STM32_ExtMem_Loader/core/memory_wrapper.c:62:19:memory_write	8	static
C:/Users/Daniel.DE-ROLAND80/Documents/GitHub/ST/STM32CubeN6/Middlewares/ST/STM32_ExtMem_Loader/core/memory_wrapper.c:79:19:memory_masserase	8	static
C:/Users/Daniel.DE-ROLAND80/Documents/GitHub/ST/STM32CubeN6/Middlewares/ST/STM32_ExtMem_Loader/core/memory_wrapper.c:97:19:memory_sectorerase	24	static
C:/Users/Daniel.DE-ROLAND80/Documents/GitHub/ST/STM32CubeN6/Middlewares/ST/STM32_ExtMem_Loader/core/memory_wrapper.c:120:19:memory_mapmode	8	static
