C:/Users/Daniel.DE-ROLAND80/Documents/GitHub/ST/STM32CubeN6/Middlewares/ST/STM32_ExtMem_Manager/nor_sfdp/stm32_sfdp_driver.c:961:38:driver_set_FlagWEL	32	static
C:/Users/Daniel.DE-ROLAND80/Documents/GitHub/ST/STM32CubeN6/Middlewares/ST/STM32_ExtMem_Manager/nor_sfdp/stm32_sfdp_driver.c:140:38:EXTMEM_DRIVER_NOR_SFDP_Init	168	static
C:/Users/Daniel.DE-ROLAND80/Documents/GitHub/ST/STM32CubeN6/Middlewares/ST/STM32_ExtMem_Manager/nor_sfdp/stm32_sfdp_driver.c:470:38:EXTMEM_DRIVER_NOR_SFDP_DeInit	0	static
C:/Users/Daniel.DE-ROLAND80/Documents/GitHub/ST/STM32CubeN6/Middlewares/ST/STM32_ExtMem_Manager/nor_sfdp/stm32_sfdp_driver.c:482:6:EXTMEM_DRIVER_NOR_SFDP_GetFlashInfo	0	static
C:/Users/Daniel.DE-ROLAND80/Documents/GitHub/ST/STM32CubeN6/Middlewares/ST/STM32_ExtMem_Manager/nor_sfdp/stm32_sfdp_driver.c:508:38:EXTMEM_DRIVER_NOR_SFDP_Read	32	static
C:/Users/Daniel.DE-ROLAND80/Documents/GitHub/ST/STM32CubeN6/Middlewares/ST/STM32_ExtMem_Manager/nor_sfdp/stm32_sfdp_driver.c:542:38:EXTMEM_DRIVER_NOR_SFDP_Write	40	static
C:/Users/Daniel.DE-ROLAND80/Documents/GitHub/ST/STM32CubeN6/Middlewares/ST/STM32_ExtMem_Manager/nor_sfdp/stm32_sfdp_driver.c:762:38:EXTMEM_DRIVER_NOR_SFDP_MassErase	8	static
C:/Users/Daniel.DE-ROLAND80/Documents/GitHub/ST/STM32CubeN6/Middlewares/ST/STM32_ExtMem_Manager/nor_sfdp/stm32_sfdp_driver.c:809:38:EXTMEM_DRIVER_NOR_SFDP_SectorErase	24	static
C:/Users/Daniel.DE-ROLAND80/Documents/GitHub/ST/STM32CubeN6/Middlewares/ST/STM32_ExtMem_Manager/nor_sfdp/stm32_sfdp_driver.c:899:38:EXTMEM_DRIVER_NOR_SFDP_Enable_MemoryMappedMode	16	static
C:/Users/Daniel.DE-ROLAND80/Documents/GitHub/ST/STM32CubeN6/Middlewares/ST/STM32_ExtMem_Manager/nor_sfdp/stm32_sfdp_driver.c:922:38:EXTMEM_DRIVER_NOR_SFDP_Disable_MemoryMappedMode	8	static
C:/Users/Daniel.DE-ROLAND80/Documents/GitHub/ST/STM32CubeN6/Middlewares/ST/STM32_ExtMem_Manager/nor_sfdp/stm32_sfdp_driver.c:997:13:EXTMEM_MemCopy	8	static
C:/Users/Daniel.DE-ROLAND80/Documents/GitHub/ST/STM32CubeN6/Middlewares/ST/STM32_ExtMem_Manager/nor_sfdp/stm32_sfdp_driver.c:624:38:EXTMEM_DRIVER_NOR_SFDP_WriteInMappedMode	56	static,ignoring_inline_asm
