C:/Users/Daniel.DE-ROLAND80/Documents/GitHub/ST/STM32CubeN6/Middlewares/ST/STM32_ExtMem_Manager/nor_sfdp/stm32_sfdp_driver.c:872:38:driver_set_FlagWEL	32	static
C:/Users/Daniel.DE-ROLAND80/Documents/GitHub/ST/STM32CubeN6/Middlewares/ST/STM32_ExtMem_Manager/nor_sfdp/stm32_sfdp_driver.c:140:38:EXTMEM_DRIVER_NOR_SFDP_Init	152	static
C:/Users/Daniel.DE-ROLAND80/Documents/GitHub/ST/STM32CubeN6/Middlewares/ST/STM32_ExtMem_Manager/nor_sfdp/stm32_sfdp_driver.c:381:38:EXTMEM_DRIVER_NOR_SFDP_DeInit	0	static
C:/Users/Daniel.DE-ROLAND80/Documents/GitHub/ST/STM32CubeN6/Middlewares/ST/STM32_ExtMem_Manager/nor_sfdp/stm32_sfdp_driver.c:393:6:EXTMEM_DRIVER_NOR_SFDP_GetFlashInfo	0	static
C:/Users/Daniel.DE-ROLAND80/Documents/GitHub/ST/STM32CubeN6/Middlewares/ST/STM32_ExtMem_Manager/nor_sfdp/stm32_sfdp_driver.c:419:38:EXTMEM_DRIVER_NOR_SFDP_Read	32	static
C:/Users/Daniel.DE-ROLAND80/Documents/GitHub/ST/STM32CubeN6/Middlewares/ST/STM32_ExtMem_Manager/nor_sfdp/stm32_sfdp_driver.c:453:38:EXTMEM_DRIVER_NOR_SFDP_Write	40	static
C:/Users/Daniel.DE-ROLAND80/Documents/GitHub/ST/STM32CubeN6/Middlewares/ST/STM32_ExtMem_Manager/nor_sfdp/stm32_sfdp_driver.c:673:38:EXTMEM_DRIVER_NOR_SFDP_MassErase	8	static
C:/Users/Daniel.DE-ROLAND80/Documents/GitHub/ST/STM32CubeN6/Middlewares/ST/STM32_ExtMem_Manager/nor_sfdp/stm32_sfdp_driver.c:720:38:EXTMEM_DRIVER_NOR_SFDP_SectorErase	24	static
C:/Users/Daniel.DE-ROLAND80/Documents/GitHub/ST/STM32CubeN6/Middlewares/ST/STM32_ExtMem_Manager/nor_sfdp/stm32_sfdp_driver.c:810:38:EXTMEM_DRIVER_NOR_SFDP_Enable_MemoryMappedMode	16	static
C:/Users/Daniel.DE-ROLAND80/Documents/GitHub/ST/STM32CubeN6/Middlewares/ST/STM32_ExtMem_Manager/nor_sfdp/stm32_sfdp_driver.c:833:38:EXTMEM_DRIVER_NOR_SFDP_Disable_MemoryMappedMode	8	static
C:/Users/Daniel.DE-ROLAND80/Documents/GitHub/ST/STM32CubeN6/Middlewares/ST/STM32_ExtMem_Manager/nor_sfdp/stm32_sfdp_driver.c:908:13:EXTMEM_MemCopy	8	static
C:/Users/Daniel.DE-ROLAND80/Documents/GitHub/ST/STM32CubeN6/Middlewares/ST/STM32_ExtMem_Manager/nor_sfdp/stm32_sfdp_driver.c:535:38:EXTMEM_DRIVER_NOR_SFDP_WriteInMappedMode	56	static,ignoring_inline_asm
